Archive member included to satisfy reference by file (symbol)

/opt/devkitpro/libnx/lib/libnx.a(console.o)
                              main.o (consoleInit)
/opt/devkitpro/libnx/lib/libnx.a(applet.o)
                              main.o (appletMainLoop)
/opt/devkitpro/libnx/lib/libnx.a(hid.o)
                              main.o (hidKeysDown)
/opt/devkitpro/libnx/lib/libnx.a(sm.o)
                              /opt/devkitpro/libnx/lib/libnx.a(applet.o) (smGetService)
/opt/devkitpro/libnx/lib/libnx.a(apm.o)
                              /opt/devkitpro/libnx/lib/libnx.a(applet.o) (apmExit)
/opt/devkitpro/libnx/lib/libnx.a(fatal.o)
                              /opt/devkitpro/libnx/lib/libnx.a(applet.o) (fatalSimple)
/opt/devkitpro/libnx/lib/libnx.a(gfx.o)
                              /opt/devkitpro/libnx/lib/libnx.a(console.o) (g_gfx_framebuf_display_height)
/opt/devkitpro/libnx/lib/libnx.a(nvgfx.o)
                              /opt/devkitpro/libnx/lib/libnx.a(gfx.o) (nvgfxInitialize)
/opt/devkitpro/libnx/lib/libnx.a(channel.o)
                              /opt/devkitpro/libnx/lib/libnx.a(nvgfx.o) (nvioctlChannel_SetNvmapFd)
/opt/devkitpro/libnx/lib/libnx.a(nvhost-ctrl.o)
                              /opt/devkitpro/libnx/lib/libnx.a(nvgfx.o) (nvioctlNvhostCtrl_EventWait)
/opt/devkitpro/libnx/lib/libnx.a(nvhost-ctrl-gpu.o)
                              /opt/devkitpro/libnx/lib/libnx.a(nvgfx.o) (nvioctlNvhostCtrlGpu_ZCullGetCtxSize)
/opt/devkitpro/libnx/lib/libnx.a(nvhost-as-gpu.o)
                              /opt/devkitpro/libnx/lib/libnx.a(nvgfx.o) (nvioctlNvhostAsGpu_BindChannel)
/opt/devkitpro/libnx/lib/libnx.a(nvmap.o)
                              /opt/devkitpro/libnx/lib/libnx.a(nvgfx.o) (nvioctlNvmap_Create)
/opt/devkitpro/libnx/lib/libnx.a(cache.o)
                              /opt/devkitpro/libnx/lib/libnx.a(gfx.o) (armDCacheFlush)
/opt/devkitpro/libnx/lib/libnx.a(switch_crt0.o)
                              (_start)
/opt/devkitpro/libnx/lib/libnx.a(svc.o)
                              /opt/devkitpro/libnx/lib/libnx.a(fatal.o) (svcExitProcess)
/opt/devkitpro/libnx/lib/libnx.a(default_font.bin.o)
                              /opt/devkitpro/libnx/lib/libnx.a(console.o) (default_font_bin)
/opt/devkitpro/libnx/lib/libnx.a(dynamic.o)
                              /opt/devkitpro/libnx/lib/libnx.a(switch_crt0.o) (__nx_dynamic)
/opt/devkitpro/libnx/lib/libnx.a(init.o)
                              /opt/devkitpro/libnx/lib/libnx.a(switch_crt0.o) (__libnx_init)
/opt/devkitpro/libnx/lib/libnx.a(env.o)
                              /opt/devkitpro/libnx/lib/libnx.a(init.o) (envSetup)
/opt/devkitpro/libnx/lib/libnx.a(newlib.o)
                              /opt/devkitpro/libnx/lib/libnx.a(init.o) (__libnx_init_time)
/opt/devkitpro/libnx/lib/libnx.a(argv.o)
                              /opt/devkitpro/libnx/lib/libnx.a(init.o) (argvSetup)
/opt/devkitpro/libnx/lib/libnx.a(detect.o)
                              /opt/devkitpro/libnx/lib/libnx.a(applet.o) (kernelAbove200)
/opt/devkitpro/libnx/lib/libnx.a(shmem.o)
                              /opt/devkitpro/libnx/lib/libnx.a(hid.o) (shmemLoadRemote)
/opt/devkitpro/libnx/lib/libnx.a(rwlock.o)
                              /opt/devkitpro/libnx/lib/libnx.a(hid.o) (rwlockReadLock)
/opt/devkitpro/libnx/lib/libnx.a(mutex.o)
                              /opt/devkitpro/libnx/lib/libnx.a(newlib.o) (mutexLock)
/opt/devkitpro/libnx/lib/libnx.a(virtmem.o)
                              /opt/devkitpro/libnx/lib/libnx.a(init.o) (virtmemSetup)
/opt/devkitpro/libnx/lib/libnx.a(fs_dev.o)
                              /opt/devkitpro/libnx/lib/libnx.a(init.o) (fsdevMountSdmc)
/opt/devkitpro/libnx/lib/libnx.a(nv.o)
                              /opt/devkitpro/libnx/lib/libnx.a(gfx.o) (nvExit)
/opt/devkitpro/libnx/lib/libnx.a(time.o)
                              /opt/devkitpro/libnx/lib/libnx.a(init.o) (timeExit)
/opt/devkitpro/libnx/lib/libnx.a(vi.o)
                              /opt/devkitpro/libnx/lib/libnx.a(gfx.o) (viExit)
/opt/devkitpro/libnx/lib/libnx.a(fs.o)
                              /opt/devkitpro/libnx/lib/libnx.a(init.o) (fsInitialize)
/opt/devkitpro/libnx/lib/libnx.a(buffer_producer.o)
                              /opt/devkitpro/libnx/lib/libnx.a(gfx.o) (bufferProducerInitialize)
/opt/devkitpro/libnx/lib/libnx.a(binder.o)
                              /opt/devkitpro/libnx/lib/libnx.a(gfx.o) (binderCreateSession)
/opt/devkitpro/libnx/lib/libnx.a(parcel.o)
                              /opt/devkitpro/libnx/lib/libnx.a(buffer_producer.o) (parcelInitialize)
/opt/devkitpro/libnx/lib/libnx.a(decode_utf8.o)
                              /opt/devkitpro/libnx/lib/libnx.a(fs_dev.o) (decode_utf8)
/opt/devkitpro/libnx/lib/libnx.a(readtp.o)
                              /opt/devkitpro/libnx/lib/libnx.a(fs_dev.o) (__aarch64_read_tp)
/opt/devkitpro/libnx/lib/libnx.a(nxlink.o)
                              /opt/devkitpro/libnx/lib/libnx.a(argv.o) (nxlinkSetup)
[...]
Memory Configuration

Name             Origin             Length             Attributes
*default*        0x0000000000000000 0xffffffffffffffff

Linker script and memory map

                0x0000000000000000                PROVIDE (__start__ = 0x0)
                0x0000000000000000                . = __start__

.crt0           0x0000000000000000      0x118
 *(.crt0)
 .crt0          0x0000000000000000      0x114 /opt/devkitpro/libnx/lib/libnx.a(switch_crt0.o)
                0x0000000000000000                _start
                0x0000000000000104                __nx_exit
                0x0000000000000118                . = ALIGN (0x8)
 *fill*         0x0000000000000114        0x4 

.init           0x0000000000000118       0x38
 *(.init)
 .init          0x0000000000000118       0x18 /opt/devkitpro/devkitA64/lib/gcc/aarch64-none-elf/8.2.0/pic/crti.o
                0x0000000000000118                _init
 .init          0x0000000000000130       0x1c /opt/devkitpro/devkitA64/lib/gcc/aarch64-none-elf/8.2.0/pic/crtn.o
                0x0000000000000150                . = ALIGN (0x8)
 *fill*         0x000000000000014c        0x4 

.plt            0x0000000000000150        0x0
 *(.plt)
 .plt           0x0000000000000150        0x0 /opt/devkitpro/devkitA64/lib/gcc/aarch64-none-elf/8.2.0/pic/crti.o
 *(.iplt)
                0x0000000000000150                . = ALIGN (0x8)

.text           0x0000000000000180    0x2b878
 *(.text.unlikely .text.*_unlikely .text.unlikely.*)
 *(.text.exit .text.exit.*)
 .text.exit     0x0000000000000180       0x38 /opt/devkitpro/devkitA64/lib/gcc/aarch64-none-elf/8.2.0/../../../../aarch64-none-elf/lib/pic/libg.a(lib_a-exit.o)
                0x0000000000000180                exit
 *(.text.startup .text.startup.*)
 *fill*         0x00000000000001b8        0x8 
 .text.startup.main
                0x00000000000001c0      0x130 main.o
                0x00000000000001c0                main
 *(.text.hot .text.hot.*)
 *(.text .stub .text.* .gnu.linkonce.t.*)
 .text.deregister_tm_clones
                0x00000000000002f0       0x2c /opt/devkitpro/devkitA64/lib/gcc/aarch64-none-elf/8.2.0/pic/crtbegin.o
 *fill*         0x000000000000031c        0x4 
 .text.register_tm_clones
                0x0000000000000320       0x38 /opt/devkitpro/devkitA64/lib/gcc/aarch64-none-elf/8.2.0/pic/crtbegin.o
 .text.__do_global_dtors_aux
                0x0000000000000358       0x48 /opt/devkitpro/devkitA64/lib/gcc/aarch64-none-elf/8.2.0/pic/crtbegin.o
 .text.frame_dummy
                0x00000000000003a0       0x34 /opt/devkitpro/devkitA64/lib/gcc/aarch64-none-elf/8.2.0/pic/crtbegin.o
 *fill*         0x00000000000003d4        0xc 
 .text.consoleDrawChar
                0x00000000000003e0      0x294 /opt/devkitpro/libnx/lib/libnx.a(console.o)
                0x00000000000003e0                consoleDrawChar
 *fill*         0x0000000000000674        0xc 
 .text.consolePrintChar
                0x0000000000000680      0x164 /opt/devkitpro/libnx/lib/libnx.a(console.o)
                0x0000000000000680                consolePrintChar
 *fill*         0x00000000000007e4        0xc 
 .text.consoleClearLine
                0x00000000000007f0      0x170 /opt/devkitpro/libnx/lib/libnx.a(console.o)
 .text.newRow   0x0000000000000960      0x1c4 /opt/devkitpro/libnx/lib/libnx.a(console.o)
 *fill*         0x0000000000000b24        0xc 
 .text.consoleCls
                0x0000000000000b30      0x18c /opt/devkitpro/libnx/lib/libnx.a(console.o)
 *fill*         0x0000000000000cbc        0x4 
 .text.consoleInit
                0x0000000000000cc0       0xf8 /opt/devkitpro/libnx/lib/libnx.a(console.o)
                0x0000000000000cc0                consoleInit
 *fill*         0x0000000000000db8        0x8 
 .text.con_write
                0x0000000000000dc0      0x854 /opt/devkitpro/libnx/lib/libnx.a(console.o)
 *fill*         0x0000000000001614        0xc 
 .text.ipcCloseObjectById
                0x0000000000001620       0x34 /opt/devkitpro/libnx/lib/libnx.a(applet.o)
 *fill*         0x0000000000001654        0xc 
 .text._appletGetHandle
                0x0000000000001660      0x124 /opt/devkitpro/libnx/lib/libnx.a(applet.o)
 *fill*         0x0000000000001784        0xc 
 .text._appletGetOperationMode.constprop.13
                0x0000000000001790       0xe0 /opt/devkitpro/libnx/lib/libnx.a(applet.o)
 .text._appletGetCurrentFocusState.constprop.15
                0x0000000000001870       0xe0 /opt/devkitpro/libnx/lib/libnx.a(applet.o)
 .text._appletReceiveMessage
                0x0000000000001950       0xec /opt/devkitpro/libnx/lib/libnx.a(applet.o)
 *fill*         0x0000000000001a3c        0x4 
 .text._appletGetPerformanceMode.constprop.14
                0x0000000000001a40       0xe0 /opt/devkitpro/libnx/lib/libnx.a(applet.o)
 .text._appletAcquireForegroundRights
                0x0000000000001b20       0xcc /opt/devkitpro/libnx/lib/libnx.a(applet.o)
 *fill*         0x0000000000001bec        0x4 
 .text._appletSetOperationModeChangedNotification.constprop.16
                0x0000000000001bf0       0xd4 /opt/devkitpro/libnx/lib/libnx.a(applet.o)
 *fill*         0x0000000000001cc4        0xc 
 .text._appletSetPerformanceModeChangedNotification.constprop.17
                0x0000000000001cd0       0xd4 /opt/devkitpro/libnx/lib/libnx.a(applet.o)
 *fill*         0x0000000000001da4        0xc 
 .text._appletSetOutOfFocusSuspendingEnabled
                0x0000000000001db0       0xd0 /opt/devkitpro/libnx/lib/libnx.a(applet.o)
 .text._appletSetFocusHandlingMode
                0x0000000000001e80       0xd8 /opt/devkitpro/libnx/lib/libnx.a(applet.o)
 *fill*         0x0000000000001f58        0x8 
 .text._appletGetAppletResourceUserId.constprop.11
                0x0000000000001f60       0xe0 /opt/devkitpro/libnx/lib/libnx.a(applet.o)
 .text._appletGetSessionProxy.constprop.10
                0x0000000000002040      0x13c /opt/devkitpro/libnx/lib/libnx.a(applet.o)
 *fill*         0x000000000000217c        0x4 
 .text.appletExit
                0x0000000000002180      0x48c /opt/devkitpro/libnx/lib/libnx.a(applet.o)
                0x0000000000002180                appletExit
 *fill*         0x000000000000260c        0x4 
 .text.appletHook
                0x0000000000002610       0x28 /opt/devkitpro/libnx/lib/libnx.a(applet.o)
                0x0000000000002610                appletHook
 *fill*         0x0000000000002638        0x8 
 .text.appletUnhook
                0x0000000000002640       0x34 /opt/devkitpro/libnx/lib/libnx.a(applet.o)
                0x0000000000002640                appletUnhook
 *fill*         0x0000000000002674        0xc 
 .text.appletGetAppletResourceUserId
                0x0000000000002680       0x28 /opt/devkitpro/libnx/lib/libnx.a(applet.o)
                0x0000000000002680                appletGetAppletResourceUserId
 *fill*         0x00000000000026a8        0x8 
 .text.appletNotifyRunning
                0x00000000000026b0      0x120 /opt/devkitpro/libnx/lib/libnx.a(applet.o)
                0x00000000000026b0                appletNotifyRunning
 .text.appletInitialize
                0x00000000000027d0      0x4dc /opt/devkitpro/libnx/lib/libnx.a(applet.o)
                0x00000000000027d0                appletInitialize
 *fill*         0x0000000000002cac        0x4 
 .text.appletCreateManagedDisplayLayer
                0x0000000000002cb0       0xec /opt/devkitpro/libnx/lib/libnx.a(applet.o)
                0x0000000000002cb0                appletCreateManagedDisplayLayer
 *fill*         0x0000000000002d9c        0x4 
 .text.appletGetOperationMode
                0x0000000000002da0        0xc /opt/devkitpro/libnx/lib/libnx.a(applet.o)
                0x0000000000002da0                appletGetOperationMode
 *fill*         0x0000000000002dac        0x4 
 .text.appletMainLoop
                0x0000000000002db0      0x144 /opt/devkitpro/libnx/lib/libnx.a(applet.o)
                0x0000000000002db0                appletMainLoop
 *fill*         0x0000000000002ef4        0xc 
 .text.ipcCloseObjectById
                0x0000000000002f00       0x34 /opt/devkitpro/libnx/lib/libnx.a(hid.o)
 *fill*         0x0000000000002f34        0xc 
 .text._hidGetSharedMemoryHandle.constprop.8
                0x0000000000002f40      0x124 /opt/devkitpro/libnx/lib/libnx.a(hid.o)
 *fill*         0x0000000000003064        0xc 
 .text._hidCreateAppletResource.constprop.7
                0x0000000000003070      0x134 /opt/devkitpro/libnx/lib/libnx.a(hid.o)
 *fill*         0x00000000000031a4        0xc 
 .text.hidReset
                0x00000000000031b0      0x1b0 /opt/devkitpro/libnx/lib/libnx.a(hid.o)
                0x00000000000031b0                hidReset
 .text.hidGetSharedmemAddr
                0x0000000000003360        0xc /opt/devkitpro/libnx/lib/libnx.a(hid.o)
                0x0000000000003360                hidGetSharedmemAddr
 *fill*         0x000000000000336c        0x4 
 .text.hidKeysDown
                0x0000000000003370       0x6c /opt/devkitpro/libnx/lib/libnx.a(hid.o)
                0x0000000000003370                hidKeysDown
 *fill*         0x00000000000033dc        0x4 
 .text.hidTouchCount
                0x00000000000033e0        0xc /opt/devkitpro/libnx/lib/libnx.a(hid.o)
                0x00000000000033e0                hidTouchCount
 *fill*         0x00000000000033ec        0x4 
 .text.hidScanInput
                0x00000000000033f0      0x49c /opt/devkitpro/libnx/lib/libnx.a(hid.o)
                0x00000000000033f0                hidScanInput
 *fill*         0x000000000000388c        0x4 
 .text.hidSetNpadJoyAssignmentModeDual
                0x0000000000003890      0x10c /opt/devkitpro/libnx/lib/libnx.a(hid.o)
                0x0000000000003890                hidSetNpadJoyAssignmentModeDual
 *fill*         0x000000000000399c        0x4 
 .text.hidExit  0x00000000000039a0      0x120 /opt/devkitpro/libnx/lib/libnx.a(hid.o)
                0x00000000000039a0                hidExit
 .text.hidInitialize
                0x0000000000003ac0       0xe8 /opt/devkitpro/libnx/lib/libnx.a(hid.o)
                0x0000000000003ac0                hidInitialize
 *fill*         0x0000000000003ba8        0x8 
 .text.smAddOverrideHandle
                0x0000000000003bb0       0x44 /opt/devkitpro/libnx/lib/libnx.a(sm.o)
                0x0000000000003bb0                smAddOverrideHandle
 *fill*         0x0000000000003bf4        0xc 
 .text.smGetServiceOverride
                0x0000000000003c00       0x60 /opt/devkitpro/libnx/lib/libnx.a(sm.o)
                0x0000000000003c00                smGetServiceOverride
 .text.smHasInitialized
                0x0000000000003c60       0x14 /opt/devkitpro/libnx/lib/libnx.a(sm.o)
                0x0000000000003c60                smHasInitialized
 *fill*         0x0000000000003c74        0xc 
 .text.smExit   0x0000000000003c80       0x48 /opt/devkitpro/libnx/lib/libnx.a(sm.o)
                0x0000000000003c80                smExit
 *fill*         0x0000000000003cc8        0x8 
 .text.smEncodeName
                0x0000000000003cd0       0x38 /opt/devkitpro/libnx/lib/libnx.a(sm.o)
                0x0000000000003cd0                smEncodeName
 *fill*         0x0000000000003d08        0x8 
 .text.smGetServiceOriginal
                0x0000000000003d10      0x12c /opt/devkitpro/libnx/lib/libnx.a(sm.o)
                0x0000000000003d10                smGetServiceOriginal
 *fill*         0x0000000000003e3c        0x4 
 .text.smInitialize
                0x0000000000003e40      0x158 /opt/devkitpro/libnx/lib/libnx.a(sm.o)
                0x0000000000003e40                smInitialize
 *fill*         0x0000000000003f98        0x8 
 .text.smGetService
                0x0000000000003fa0       0x74 /opt/devkitpro/libnx/lib/libnx.a(sm.o)
                0x0000000000003fa0                smGetService
 *fill*         0x0000000000004014        0xc 
 .text.ipcCloseObjectById
                0x0000000000004020       0x34 /opt/devkitpro/libnx/lib/libnx.a(apm.o)
 *fill*         0x0000000000004054        0xc 
 .text._apmGetSession.constprop.4
                0x0000000000004060      0x124 /opt/devkitpro/libnx/lib/libnx.a(apm.o)
 *fill*         0x0000000000004184        0xc 
 .text.apmExit  0x0000000000004190       0xf0 /opt/devkitpro/libnx/lib/libnx.a(apm.o)
                0x0000000000004190                apmExit
 .text.apmInitialize
                0x0000000000004280       0x8c /opt/devkitpro/libnx/lib/libnx.a(apm.o)
                0x0000000000004280                apmInitialize
 *fill*         0x000000000000430c        0x4 
 .text.apmSetPerformanceConfiguration
                0x0000000000004310       0xcc /opt/devkitpro/libnx/lib/libnx.a(apm.o)
                0x0000000000004310                apmSetPerformanceConfiguration
 *fill*         0x00000000000043dc        0x4 
 .text.fatalWithType
                0x00000000000043e0       0xec /opt/devkitpro/libnx/lib/libnx.a(fatal.o)
                0x00000000000043e0                fatalWithType
 *fill*         0x00000000000044cc        0x4 
 .text.fatalSimple
                0x00000000000044d0       0x14 /opt/devkitpro/libnx/lib/libnx.a(fatal.o)
                0x00000000000044d0                fatalSimple
 *fill*         0x00000000000044e4        0xc 
 .text._gfxDequeueBuffer.part.0
                0x00000000000044f0       0xc8 /opt/devkitpro/libnx/lib/libnx.a(gfx.o)
 *fill*         0x00000000000045b8        0x8 
 .text._gfxQueueBuffer.part.1
                0x00000000000045c0       0x38 /opt/devkitpro/libnx/lib/libnx.a(gfx.o)
 *fill*         0x00000000000045f8        0x8 
 .text.gfxConfigureCrop
                0x0000000000004600       0xe8 /opt/devkitpro/libnx/lib/libnx.a(gfx.o)
                0x0000000000004600                gfxConfigureCrop
 *fill*         0x00000000000046e8        0x8 
 .text.gfxConfigureResolution
                0x00000000000046f0       0x14 /opt/devkitpro/libnx/lib/libnx.a(gfx.o)
                0x00000000000046f0                gfxConfigureResolution
 *fill*         0x0000000000004704        0xc 
 .text._gfxAutoResolutionAppletHook
                0x0000000000004710       0x60 /opt/devkitpro/libnx/lib/libnx.a(gfx.o)
 .text.gfxConfigureAutoResolution
                0x0000000000004770      0x11c /opt/devkitpro/libnx/lib/libnx.a(gfx.o)
                0x0000000000004770                gfxConfigureAutoResolution
 *fill*         0x000000000000488c        0x4 
 .text.gfxExit  0x0000000000004890      0x178 /opt/devkitpro/libnx/lib/libnx.a(gfx.o)
                0x0000000000004890                gfxExit
 *fill*         0x0000000000004a08        0x8 
 .text._gfxGraphicBufferInit
                0x0000000000004a10       0x54 /opt/devkitpro/libnx/lib/libnx.a(gfx.o)
                0x0000000000004a10                _gfxGraphicBufferInit
 *fill*         0x0000000000004a64        0xc 
 .text.gfxWaitForVsync
                0x0000000000004a70       0x80 /opt/devkitpro/libnx/lib/libnx.a(gfx.o)
                0x0000000000004a70                gfxWaitForVsync
 .text.gfxInitDefault
                0x0000000000004af0      0x588 /opt/devkitpro/libnx/lib/libnx.a(gfx.o)
                0x0000000000004af0                gfxInitDefault
 *fill*         0x0000000000005078        0x8 
 .text.gfxSwapBuffers
                0x0000000000005080       0x5c /opt/devkitpro/libnx/lib/libnx.a(gfx.o)
                0x0000000000005080                gfxSwapBuffers
 *fill*         0x00000000000050dc        0x4 
 .text.gfxGetFramebuffer
                0x00000000000050e0       0x68 /opt/devkitpro/libnx/lib/libnx.a(gfx.o)
                0x00000000000050e0                gfxGetFramebuffer
 *fill*         0x0000000000005148        0x8 
 .text.gfxSetMode
                0x0000000000005150        0xc /opt/devkitpro/libnx/lib/libnx.a(gfx.o)
                0x0000000000005150                gfxSetMode
 *fill*         0x000000000000515c        0x4 
 .text.gfxFlushBuffers
                0x0000000000005160      0x144 /opt/devkitpro/libnx/lib/libnx.a(gfx.o)
                0x0000000000005160                gfxFlushBuffers
 *fill*         0x00000000000052a4        0xc 
 .text.nvmapobjClose
                0x00000000000052b0       0x3c /opt/devkitpro/libnx/lib/libnx.a(nvgfx.o)
 *fill*         0x00000000000052ec        0x4 
 .text.nvmapobjInitialize.part.0
                0x00000000000052f0       0x6c /opt/devkitpro/libnx/lib/libnx.a(nvgfx.o)
 *fill*         0x000000000000535c        0x4 
 .text.nvmapobjSetup.constprop.2
                0x0000000000005360       0x70 /opt/devkitpro/libnx/lib/libnx.a(nvgfx.o)
 .text.nvgfxInitialize
                0x00000000000053d0      0xbd8 /opt/devkitpro/libnx/lib/libnx.a(nvgfx.o)
                0x00000000000053d0                nvgfxInitialize
 *fill*         0x0000000000005fa8        0x8 
 .text.nvgfxExit
                0x0000000000005fb0      0x128 /opt/devkitpro/libnx/lib/libnx.a(nvgfx.o)
                0x0000000000005fb0                nvgfxExit
 *fill*         0x00000000000060d8        0x8 
 .text.nvgfxEventWait
                0x00000000000060e0       0x68 /opt/devkitpro/libnx/lib/libnx.a(nvgfx.o)
                0x00000000000060e0                nvgfxEventWait
 *fill*         0x0000000000006148        0x8 
 .text.nvgfxGetFramebuffer
                0x0000000000006150       0x3c /opt/devkitpro/libnx/lib/libnx.a(nvgfx.o)
                0x0000000000006150                nvgfxGetFramebuffer
 *fill*         0x000000000000618c        0x4 
 .text.nvioctlChannel_SetNvmapFd
                0x0000000000006190       0x24 /opt/devkitpro/libnx/lib/libnx.a(channel.o)
                0x0000000000006190                nvioctlChannel_SetNvmapFd
 *fill*         0x00000000000061b4        0xc 
 .text.nvioctlChannel_AllocObjCtx
                0x00000000000061c0       0x30 /opt/devkitpro/libnx/lib/libnx.a(channel.o)
                0x00000000000061c0                nvioctlChannel_AllocObjCtx
 .text.nvioctlChannel_ZCullBind
                0x00000000000061f0       0x28 /opt/devkitpro/libnx/lib/libnx.a(channel.o)
                0x00000000000061f0                nvioctlChannel_ZCullBind
 *fill*         0x0000000000006218        0x8 
 .text.nvioctlChannel_SetErrorNotifier
                0x0000000000006220       0x28 /opt/devkitpro/libnx/lib/libnx.a(channel.o)
                0x0000000000006220                nvioctlChannel_SetErrorNotifier
 *fill*         0x0000000000006248        0x8 
 .text.nvioctlChannel_SetPriority
                0x0000000000006250       0x24 /opt/devkitpro/libnx/lib/libnx.a(channel.o)
                0x0000000000006250                nvioctlChannel_SetPriority
 *fill*         0x0000000000006274        0xc 
 .text.nvioctlChannel_AllocGpfifoEx2
                0x0000000000006280       0x54 /opt/devkitpro/libnx/lib/libnx.a(channel.o)
                0x0000000000006280                nvioctlChannel_AllocGpfifoEx2
 *fill*         0x00000000000062d4        0xc 
 .text.nvioctlChannel_SetUserData
                0x00000000000062e0       0x24 /opt/devkitpro/libnx/lib/libnx.a(channel.o)
                0x00000000000062e0                nvioctlChannel_SetUserData
 *fill*         0x0000000000006304        0xc 
 .text.nvioctlNvhostCtrl_EventWait
                0x0000000000006310       0x40 /opt/devkitpro/libnx/lib/libnx.a(nvhost-ctrl.o)
                0x0000000000006310                nvioctlNvhostCtrl_EventWait
 .text.nvioctlNvhostCtrlGpu_ZCullGetCtxSize
                0x0000000000006350       0x3c /opt/devkitpro/libnx/lib/libnx.a(nvhost-ctrl-gpu.o)
                0x0000000000006350                nvioctlNvhostCtrlGpu_ZCullGetCtxSize
 *fill*         0x000000000000638c        0x4 
 .text.nvioctlNvhostCtrlGpu_ZCullGetInfo
                0x0000000000006390       0x60 /opt/devkitpro/libnx/lib/libnx.a(nvhost-ctrl-gpu.o)
                0x0000000000006390                nvioctlNvhostCtrlGpu_ZCullGetInfo
 .text.nvioctlNvhostCtrlGpu_GetCharacteristics
                0x00000000000063f0       0x9c /opt/devkitpro/libnx/lib/libnx.a(nvhost-ctrl-gpu.o)
                0x00000000000063f0                nvioctlNvhostCtrlGpu_GetCharacteristics
 *fill*         0x000000000000648c        0x4 
 .text.nvioctlNvhostCtrlGpu_GetTpcMasks
                0x0000000000006490       0x5c /opt/devkitpro/libnx/lib/libnx.a(nvhost-ctrl-gpu.o)
                0x0000000000006490                nvioctlNvhostCtrlGpu_GetTpcMasks
 *fill*         0x00000000000064ec        0x4 
 .text.nvioctlNvhostCtrlGpu_GetL2State
                0x00000000000064f0       0x3c /opt/devkitpro/libnx/lib/libnx.a(nvhost-ctrl-gpu.o)
                0x00000000000064f0                nvioctlNvhostCtrlGpu_GetL2State
 *fill*         0x000000000000652c        0x4 
 .text.nvioctlNvhostAsGpu_BindChannel
                0x0000000000006530       0x24 /opt/devkitpro/libnx/lib/libnx.a(nvhost-as-gpu.o)
                0x0000000000006530                nvioctlNvhostAsGpu_BindChannel
 *fill*         0x0000000000006554        0xc 
 .text.nvioctlNvhostAsGpu_AllocSpace
                0x0000000000006560       0x44 /opt/devkitpro/libnx/lib/libnx.a(nvhost-as-gpu.o)
                0x0000000000006560                nvioctlNvhostAsGpu_AllocSpace
 *fill*         0x00000000000065a4        0xc 
 .text.nvioctlNvhostAsGpu_MapBufferEx
                0x00000000000065b0       0x50 /opt/devkitpro/libnx/lib/libnx.a(nvhost-as-gpu.o)
                0x00000000000065b0                nvioctlNvhostAsGpu_MapBufferEx
 .text.nvioctlNvhostAsGpu_GetVARegions
                0x0000000000006600       0x70 /opt/devkitpro/libnx/lib/libnx.a(nvhost-as-gpu.o)
                0x0000000000006600                nvioctlNvhostAsGpu_GetVARegions
 .text.nvioctlNvhostAsGpu_InitializeEx
                0x0000000000006670       0x3c /opt/devkitpro/libnx/lib/libnx.a(nvhost-as-gpu.o)
                0x0000000000006670                nvioctlNvhostAsGpu_InitializeEx
 *fill*         0x00000000000066ac        0x4 
 .text.nvioctlNvmap_Create
                0x00000000000066b0       0x3c /opt/devkitpro/libnx/lib/libnx.a(nvmap.o)
                0x00000000000066b0                nvioctlNvmap_Create
 *fill*         0x00000000000066ec        0x4 
 .text.nvioctlNvmap_FromId
                0x00000000000066f0       0x3c /opt/devkitpro/libnx/lib/libnx.a(nvmap.o)
                0x00000000000066f0                nvioctlNvmap_FromId
 *fill*         0x000000000000672c        0x4 
 .text.nvioctlNvmap_Alloc
                0x0000000000006730       0x30 /opt/devkitpro/libnx/lib/libnx.a(nvmap.o)
                0x0000000000006730                nvioctlNvmap_Alloc
 .text.nvioctlNvmap_GetId
                0x0000000000006760       0x3c /opt/devkitpro/libnx/lib/libnx.a(nvmap.o)
                0x0000000000006760                nvioctlNvmap_GetId
 .text.armDCacheFlush
                0x000000000000679c       0x3c /opt/devkitpro/libnx/lib/libnx.a(cache.o)
                0x000000000000679c                armDCacheFlush
 .text.svcSetHeapSize
                0x00000000000067d8       0x14 /opt/devkitpro/libnx/lib/libnx.a(svc.o)
                0x00000000000067d8                svcSetHeapSize
 .text.svcUnmapMemory
                0x00000000000067ec        0x8 /opt/devkitpro/libnx/lib/libnx.a(svc.o)
                0x00000000000067ec                svcUnmapMemory
 .text.svcQueryMemory
                0x00000000000067f4       0x14 /opt/devkitpro/libnx/lib/libnx.a(svc.o)
                0x00000000000067f4                svcQueryMemory
 .text.svcExitProcess
                0x0000000000006808        0x8 /opt/devkitpro/libnx/lib/libnx.a(svc.o)
                0x0000000000006808                svcExitProcess
 .text.svcSleepThread
                0x0000000000006810        0x8 /opt/devkitpro/libnx/lib/libnx.a(svc.o)
                0x0000000000006810                svcSleepThread
 .text.svcMapSharedMemory
                0x0000000000006818        0x8 /opt/devkitpro/libnx/lib/libnx.a(svc.o)
                0x0000000000006818                svcMapSharedMemory
 .text.svcUnmapSharedMemory
                0x0000000000006820        0x8 /opt/devkitpro/libnx/lib/libnx.a(svc.o)
                0x0000000000006820                svcUnmapSharedMemory
 .text.svcCreateTransferMemory
                0x0000000000006828       0x14 /opt/devkitpro/libnx/lib/libnx.a(svc.o)
                0x0000000000006828                svcCreateTransferMemory
 .text.svcCloseHandle
                0x000000000000683c        0x8 /opt/devkitpro/libnx/lib/libnx.a(svc.o)
                0x000000000000683c                svcCloseHandle
 .text.svcResetSignal
                0x0000000000006844        0x8 /opt/devkitpro/libnx/lib/libnx.a(svc.o)
                0x0000000000006844                svcResetSignal
 .text.svcWaitSynchronization
                0x000000000000684c       0x14 /opt/devkitpro/libnx/lib/libnx.a(svc.o)
                0x000000000000684c                svcWaitSynchronization
 .text.svcArbitrateLock
                0x0000000000006860        0x8 /opt/devkitpro/libnx/lib/libnx.a(svc.o)
                0x0000000000006860                svcArbitrateLock
 .text.svcArbitrateUnlock
                0x0000000000006868        0x8 /opt/devkitpro/libnx/lib/libnx.a(svc.o)
                0x0000000000006868                svcArbitrateUnlock
 .text.svcGetSystemTick
                0x0000000000006870        0x8 /opt/devkitpro/libnx/lib/libnx.a(svc.o)
                0x0000000000006870                svcGetSystemTick
 .text.svcConnectToNamedPort
                0x0000000000006878       0x14 /opt/devkitpro/libnx/lib/libnx.a(svc.o)
                0x0000000000006878                svcConnectToNamedPort
 .text.svcSendSyncRequest
                0x000000000000688c        0x8 /opt/devkitpro/libnx/lib/libnx.a(svc.o)
                0x000000000000688c                svcSendSyncRequest
 .text.svcBreak
                0x0000000000006894        0x8 /opt/devkitpro/libnx/lib/libnx.a(svc.o)
                0x0000000000006894                svcBreak
 .text.svcGetInfo
                0x000000000000689c       0x14 /opt/devkitpro/libnx/lib/libnx.a(svc.o)
                0x000000000000689c                svcGetInfo
 .text.svcUnmapTransferMemory
                0x00000000000068b0        0x8 /opt/devkitpro/libnx/lib/libnx.a(svc.o)
                0x00000000000068b0                svcUnmapTransferMemory
 *fill*         0x00000000000068b8        0x8 
 .text.__nx_dynamic
                0x00000000000068c0       0xa0 /opt/devkitpro/libnx/lib/libnx.a(dynamic.o)
                0x00000000000068c0                __nx_dynamic
 .text.__libnx_initheap
                0x0000000000006960       0xd8 /opt/devkitpro/libnx/lib/libnx.a(init.o)
                0x0000000000006960                __libnx_initheap
 *fill*         0x0000000000006a38        0x8 
 .text.__appInit
                0x0000000000006a40       0x90 /opt/devkitpro/libnx/lib/libnx.a(init.o)
                0x0000000000006a40                __appInit
 .text.__appExit
                0x0000000000006ad0       0x34 /opt/devkitpro/libnx/lib/libnx.a(init.o)
                0x0000000000006ad0                __appExit
 *fill*         0x0000000000006b04        0xc 
 .text.__libnx_init
                0x0000000000006b10       0x28 /opt/devkitpro/libnx/lib/libnx.a(init.o)
                0x0000000000006b10                __libnx_init
 *fill*         0x0000000000006b38        0x8 
 .text.__libnx_exit
                0x0000000000006b40       0x20 /opt/devkitpro/libnx/lib/libnx.a(init.o)
                0x0000000000006b40                __libnx_exit
 .text.envSetup
                0x0000000000006b60      0x1b0 /opt/devkitpro/libnx/lib/libnx.a(env.o)
                0x0000000000006b60                envSetup
 .text.envGetMainThreadHandle
                0x0000000000006d10       0x20 /opt/devkitpro/libnx/lib/libnx.a(env.o)
                0x0000000000006d10                envGetMainThreadHandle
 .text.envIsNso
                0x0000000000006d30        0xc /opt/devkitpro/libnx/lib/libnx.a(env.o)
                0x0000000000006d30                envIsNso
 *fill*         0x0000000000006d3c        0x4 
 .text.envHasHeapOverride
                0x0000000000006d40       0x14 /opt/devkitpro/libnx/lib/libnx.a(env.o)
                0x0000000000006d40                envHasHeapOverride
 *fill*         0x0000000000006d54        0xc 
 .text.envGetHeapOverrideAddr
                0x0000000000006d60        0xc /opt/devkitpro/libnx/lib/libnx.a(env.o)
                0x0000000000006d60                envGetHeapOverrideAddr
 *fill*         0x0000000000006d6c        0x4 
 .text.envGetHeapOverrideSize
                0x0000000000006d70        0xc /opt/devkitpro/libnx/lib/libnx.a(env.o)
                0x0000000000006d70                envGetHeapOverrideSize
 *fill*         0x0000000000006d7c        0x4 
 .text.envHasArgv
                0x0000000000006d80       0x14 /opt/devkitpro/libnx/lib/libnx.a(env.o)
                0x0000000000006d80                envHasArgv
 *fill*         0x0000000000006d94        0xc 
 .text.envGetArgv
                0x0000000000006da0        0xc /opt/devkitpro/libnx/lib/libnx.a(env.o)
                0x0000000000006da0                envGetArgv
 *fill*         0x0000000000006dac        0x4 
 .text.envGetExitFuncPtr
                0x0000000000006db0        0xc /opt/devkitpro/libnx/lib/libnx.a(env.o)
                0x0000000000006db0                envGetExitFuncPtr
 *fill*         0x0000000000006dbc        0x4 
 .text.mutexInit
                0x0000000000006dc0        0x8 /opt/devkitpro/libnx/lib/libnx.a(newlib.o)
 *fill*         0x0000000000006dc8        0x8 
 .text.rmutexInit
                0x0000000000006dd0        0xc /opt/devkitpro/libnx/lib/libnx.a(newlib.o)
 *fill*         0x0000000000006ddc        0x4 
 .text.__libnx_gtod
                0x0000000000006de0       0xb8 /opt/devkitpro/libnx/lib/libnx.a(newlib.o)
                0x0000000000006de0                __libnx_gtod
 *fill*         0x0000000000006e98        0x8 
 .text.__libnx_clock_settime
                0x0000000000006ea0       0x20 /opt/devkitpro/libnx/lib/libnx.a(newlib.o)
                0x0000000000006ea0                __libnx_clock_settime
 .text.__libnx_nanosleep
                0x0000000000006ec0       0x28 /opt/devkitpro/libnx/lib/libnx.a(newlib.o)
                0x0000000000006ec0                __libnx_nanosleep
 *fill*         0x0000000000006ee8        0x8 
 .text.__libnx_get_reent
                0x0000000000006ef0       0x34 /opt/devkitpro/libnx/lib/libnx.a(newlib.o)
 *fill*         0x0000000000006f24        0xc 
 .text.__libnx_clock_getres
                0x0000000000006f30       0x58 /opt/devkitpro/libnx/lib/libnx.a(newlib.o)
                0x0000000000006f30                __libnx_clock_getres
 *fill*         0x0000000000006f88        0x8 
 .text.__libnx_clock_gettime
                0x0000000000006f90       0xe0 /opt/devkitpro/libnx/lib/libnx.a(newlib.o)
                0x0000000000006f90                __libnx_clock_gettime
 .text.__libnx_init_time
                0x0000000000007070       0x54 /opt/devkitpro/libnx/lib/libnx.a(newlib.o)
                0x0000000000007070                __libnx_init_time
 *fill*         0x00000000000070c4        0xc 
 .text.newlibSetup
                0x00000000000070d0      0x118 /opt/devkitpro/libnx/lib/libnx.a(newlib.o)
                0x00000000000070d0                newlibSetup
 *fill*         0x00000000000071e8        0x8 
 .text.argvSetup
                0x00000000000071f0      0x368 /opt/devkitpro/libnx/lib/libnx.a(argv.o)
                0x00000000000071f0                argvSetup
 *fill*         0x0000000000007558        0x8 
 .text._CacheValues
                0x0000000000007560      0x150 /opt/devkitpro/libnx/lib/libnx.a(detect.o)
 .text.kernelAbove200
                0x00000000000076b0       0x1c /opt/devkitpro/libnx/lib/libnx.a(detect.o)
                0x00000000000076b0                kernelAbove200
 *fill*         0x00000000000076cc        0x4 
 .text.kernelAbove300
                0x00000000000076d0       0x1c /opt/devkitpro/libnx/lib/libnx.a(detect.o)
                0x00000000000076d0                kernelAbove300
 *fill*         0x00000000000076ec        0x4 
 .text.detectDebugger
                0x00000000000076f0       0x30 /opt/devkitpro/libnx/lib/libnx.a(detect.o)
                0x00000000000076f0                detectDebugger
 .text.shmemLoadRemote
                0x0000000000007720       0x14 /opt/devkitpro/libnx/lib/libnx.a(shmem.o)
                0x0000000000007720                shmemLoadRemote
 *fill*         0x0000000000007734        0xc 
 .text.shmemMap
                0x0000000000007740       0x84 /opt/devkitpro/libnx/lib/libnx.a(shmem.o)
                0x0000000000007740                shmemMap
 *fill*         0x00000000000077c4        0xc 
 .text.shmemUnmap
                0x00000000000077d0       0x58 /opt/devkitpro/libnx/lib/libnx.a(shmem.o)
                0x00000000000077d0                shmemUnmap
 *fill*         0x0000000000007828        0x8 
 .text.shmemClose
                0x0000000000007830       0x44 /opt/devkitpro/libnx/lib/libnx.a(shmem.o)
                0x0000000000007830                shmemClose
 *fill*         0x0000000000007874        0xc 
 .text.rwlockReadLock
                0x0000000000007880       0x4c /opt/devkitpro/libnx/lib/libnx.a(rwlock.o)
                0x0000000000007880                rwlockReadLock
 *fill*         0x00000000000078cc        0x4 
 .text.rwlockReadUnlock
                0x00000000000078d0       0x4c /opt/devkitpro/libnx/lib/libnx.a(rwlock.o)
                0x00000000000078d0                rwlockReadUnlock
 *fill*         0x000000000000791c        0x4 
 .text.rwlockWriteLock
                0x0000000000007920        0x8 /opt/devkitpro/libnx/lib/libnx.a(rwlock.o)
                0x0000000000007920                rwlockWriteLock
 *fill*         0x0000000000007928        0x8 
 .text.rwlockWriteUnlock
                0x0000000000007930        0x8 /opt/devkitpro/libnx/lib/libnx.a(rwlock.o)
                0x0000000000007930                rwlockWriteUnlock
 *fill*         0x0000000000007938        0x8 
 .text.mutexLock
                0x0000000000007940       0x8c /opt/devkitpro/libnx/lib/libnx.a(mutex.o)
                0x0000000000007940                mutexLock
 *fill*         0x00000000000079cc        0x4 
 .text.mutexUnlock
                0x00000000000079d0       0x30 /opt/devkitpro/libnx/lib/libnx.a(mutex.o)
                0x00000000000079d0                mutexUnlock
 .text.rmutexLock
                0x0000000000007a00       0x4c /opt/devkitpro/libnx/lib/libnx.a(mutex.o)
                0x0000000000007a00                rmutexLock
 *fill*         0x0000000000007a4c        0x4 
 .text.rmutexUnlock
                0x0000000000007a50       0x1c /opt/devkitpro/libnx/lib/libnx.a(mutex.o)
                0x0000000000007a50                rmutexUnlock
 *fill*         0x0000000000007a6c        0x4 
 .text._GetRegionFromInfo.isra.1
                0x0000000000007a70       0x7c /opt/devkitpro/libnx/lib/libnx.a(virtmem.o)
 *fill*         0x0000000000007aec        0x4 
 .text.virtmemSetup
                0x0000000000007af0       0xe4 /opt/devkitpro/libnx/lib/libnx.a(virtmem.o)
                0x0000000000007af0                virtmemSetup
 *fill*         0x0000000000007bd4        0xc 
 .text.virtmemReserve
                0x0000000000007be0      0x13c /opt/devkitpro/libnx/lib/libnx.a(virtmem.o)
                0x0000000000007be0                virtmemReserve
 *fill*         0x0000000000007d1c        0x4 
 .text.virtmemFree
                0x0000000000007d20        0x4 /opt/devkitpro/libnx/lib/libnx.a(virtmem.o)
                0x0000000000007d20                virtmemFree
 *fill*         0x0000000000007d24        0xc 
 .text.fsdev_link
                0x0000000000007d30       0x10 /opt/devkitpro/libnx/lib/libnx.a(fs_dev.o)
 .text.fsdev_dirreset
                0x0000000000007d40       0x10 /opt/devkitpro/libnx/lib/libnx.a(fs_dev.o)
 .text.fsdev_chmod
                0x0000000000007d50       0x10 /opt/devkitpro/libnx/lib/libnx.a(fs_dev.o)
 .text.error_cmp
                0x0000000000007d60       0x1c /opt/devkitpro/libnx/lib/libnx.a(fs_dev.o)
 *fill*         0x0000000000007d7c        0x4 
 .text.fsdev_translate_error
                0x0000000000007d80       0x58 /opt/devkitpro/libnx/lib/libnx.a(fs_dev.o)
 *fill*         0x0000000000007dd8        0x8 
 .text.fsdev_fsync
                0x0000000000007de0       0x40 /opt/devkitpro/libnx/lib/libnx.a(fs_dev.o)
 .text.fsdev_ftruncate
                0x0000000000007e20       0x60 /opt/devkitpro/libnx/lib/libnx.a(fs_dev.o)
 .text.fsdev_dirclose
                0x0000000000007e80       0x20 /opt/devkitpro/libnx/lib/libnx.a(fs_dev.o)
 .text.fsdev_dirnext
                0x0000000000007ea0      0x16c /opt/devkitpro/libnx/lib/libnx.a(fs_dev.o)
 *fill*         0x000000000000800c        0x4 
 .text.fsdev_close
                0x0000000000008010       0x1c /opt/devkitpro/libnx/lib/libnx.a(fs_dev.o)
 *fill*         0x000000000000802c        0x4 
 .text.fsdev_fstat
                0x0000000000008030       0x80 /opt/devkitpro/libnx/lib/libnx.a(fs_dev.o)
 .text.fsdev_seek
                0x00000000000080b0       0xb0 /opt/devkitpro/libnx/lib/libnx.a(fs_dev.o)
 .text.fsdev_read
                0x0000000000008160      0x198 /opt/devkitpro/libnx/lib/libnx.a(fs_dev.o)
 *fill*         0x00000000000082f8        0x8 
 .text.fsdev_write
                0x0000000000008300      0x1a0 /opt/devkitpro/libnx/lib/libnx.a(fs_dev.o)
 .text.fsdevFindDevice
                0x00000000000084a0      0x120 /opt/devkitpro/libnx/lib/libnx.a(fs_dev.o)
 .text._fsdevMountDevice
                0x00000000000085c0      0x168 /opt/devkitpro/libnx/lib/libnx.a(fs_dev.o)
 *fill*         0x0000000000008728        0x8 
 .text.fsdev_getfspath
                0x0000000000008730      0x1fc /opt/devkitpro/libnx/lib/libnx.a(fs_dev.o)
 *fill*         0x000000000000892c        0x4 
 .text.fsdev_rmdir
                0x0000000000008930       0x70 /opt/devkitpro/libnx/lib/libnx.a(fs_dev.o)
 .text.fsdev_statvfs
                0x00000000000089a0       0xd4 /opt/devkitpro/libnx/lib/libnx.a(fs_dev.o)
 *fill*         0x0000000000008a74        0xc 
 .text.fsdev_diropen
                0x0000000000008a80       0xec /opt/devkitpro/libnx/lib/libnx.a(fs_dev.o)
 *fill*         0x0000000000008b6c        0x4 
 .text.fsdev_mkdir
                0x0000000000008b70       0x70 /opt/devkitpro/libnx/lib/libnx.a(fs_dev.o)
 .text.fsdev_rename
                0x0000000000008be0      0x114 /opt/devkitpro/libnx/lib/libnx.a(fs_dev.o)
 *fill*         0x0000000000008cf4        0xc 
 .text.fsdev_chdir
                0x0000000000008d00       0xe8 /opt/devkitpro/libnx/lib/libnx.a(fs_dev.o)
 *fill*         0x0000000000008de8        0x8 
 .text.fsdev_unlink
                0x0000000000008df0       0x70 /opt/devkitpro/libnx/lib/libnx.a(fs_dev.o)
 .text.fsdev_stat
                0x0000000000008e60      0x168 /opt/devkitpro/libnx/lib/libnx.a(fs_dev.o)
 *fill*         0x0000000000008fc8        0x8 
 .text.fsdev_open
                0x0000000000008fd0      0x180 /opt/devkitpro/libnx/lib/libnx.a(fs_dev.o)
 .text._fsdevUnmountDeviceStruct.part.4
                0x0000000000009150       0xb8 /opt/devkitpro/libnx/lib/libnx.a(fs_dev.o)
 *fill*         0x0000000000009208        0x8 
 .text.fsdev_fchmod
                0x0000000000009210       0x10 /opt/devkitpro/libnx/lib/libnx.a(fs_dev.o)
 .text.fsdevMountSdmc
                0x0000000000009220      0x158 /opt/devkitpro/libnx/lib/libnx.a(fs_dev.o)
                0x0000000000009220                fsdevMountSdmc
 *fill*         0x0000000000009378        0x8 
 .text.fsdevUnmountAll
                0x0000000000009380       0x64 /opt/devkitpro/libnx/lib/libnx.a(fs_dev.o)
                0x0000000000009380                fsdevUnmountAll
 *fill*         0x00000000000093e4        0xc 
 .text.ipcCloseObjectById
                0x00000000000093f0       0x34 /opt/devkitpro/libnx/lib/libnx.a(nv.o)
 *fill*         0x0000000000009424        0xc 
 .text.ipcQueryPointerBufferSize.constprop.6
                0x0000000000009430       0xc8 /opt/devkitpro/libnx/lib/libnx.a(nv.o)
 *fill*         0x00000000000094f8        0x8 
 .text._nvSetClientPID
                0x0000000000009500       0xd8 /opt/devkitpro/libnx/lib/libnx.a(nv.o)
 *fill*         0x00000000000095d8        0x8 
 .text._nvInitialize.constprop.5
                0x00000000000095e0       0xf0 /opt/devkitpro/libnx/lib/libnx.a(nv.o)
 .text.nvExit   0x00000000000096d0       0xa8 /opt/devkitpro/libnx/lib/libnx.a(nv.o)
                0x00000000000096d0                nvExit
 *fill*         0x0000000000009778        0x8 
 .text.nvInitialize
                0x0000000000009780      0x1a4 /opt/devkitpro/libnx/lib/libnx.a(nv.o)
                0x0000000000009780                nvInitialize
 *fill*         0x0000000000009924        0xc 
 .text.nvConvertError
                0x0000000000009930      0x12c /opt/devkitpro/libnx/lib/libnx.a(nv.o)
                0x0000000000009930                nvConvertError
 *fill*         0x0000000000009a5c        0x4 
 .text.nvOpen   0x0000000000009a60      0x12c /opt/devkitpro/libnx/lib/libnx.a(nv.o)
                0x0000000000009a60                nvOpen
 *fill*         0x0000000000009b8c        0x4 
 .text.nvIoctl  0x0000000000009b90      0x218 /opt/devkitpro/libnx/lib/libnx.a(nv.o)
                0x0000000000009b90                nvIoctl
 *fill*         0x0000000000009da8        0x8 
 .text.nvClose  0x0000000000009db0       0xdc /opt/devkitpro/libnx/lib/libnx.a(nv.o)
                0x0000000000009db0                nvClose
 *fill*         0x0000000000009e8c        0x4 
 .text.nvQueryEvent
                0x0000000000009e90      0x13c /opt/devkitpro/libnx/lib/libnx.a(nv.o)
                0x0000000000009e90                nvQueryEvent
 *fill*         0x0000000000009fcc        0x4 
 .text.ipcCloseObjectById
                0x0000000000009fd0       0x34 /opt/devkitpro/libnx/lib/libnx.a(time.o)
 *fill*         0x000000000000a004        0xc 
 .text._timeGetSession
                0x000000000000a010      0x12c /opt/devkitpro/libnx/lib/libnx.a(time.o)
 *fill*         0x000000000000a13c        0x4 
 .text.timeExit
                0x000000000000a140      0x1ec /opt/devkitpro/libnx/lib/libnx.a(time.o)
                0x000000000000a140                timeExit
 *fill*         0x000000000000a32c        0x4 
 .text.timeInitialize
                0x000000000000a330       0xd8 /opt/devkitpro/libnx/lib/libnx.a(time.o)
                0x000000000000a330                timeInitialize
 *fill*         0x000000000000a408        0x8 
 .text.timeGetCurrentTime
                0x000000000000a410      0x124 /opt/devkitpro/libnx/lib/libnx.a(time.o)
                0x000000000000a410                timeGetCurrentTime
 *fill*         0x000000000000a534        0xc 
 .text.ipcCloseObjectById
                0x000000000000a540       0x34 /opt/devkitpro/libnx/lib/libnx.a(vi.o)
 *fill*         0x000000000000a574        0xc 
 .text._viCreatestray_layer.isra.4
                0x000000000000a580      0x130 /opt/devkitpro/libnx/lib/libnx.a(vi.o)
 .text._viGetSession.constprop.6
                0x000000000000a6b0      0x134 /opt/devkitpro/libnx/lib/libnx.a(vi.o)
 *fill*         0x000000000000a7e4        0xc 
 .text._viOpenLayer
                0x000000000000a7f0      0x140 /opt/devkitpro/libnx/lib/libnx.a(vi.o)
 .text.viExit   0x000000000000a930      0x1d8 /opt/devkitpro/libnx/lib/libnx.a(vi.o)
                0x000000000000a930                viExit
 *fill*         0x000000000000ab08        0x8 
 .text.viInitialize
                0x000000000000ab10      0x26c /opt/devkitpro/libnx/lib/libnx.a(vi.o)
                0x000000000000ab10                viInitialize
 *fill*         0x000000000000ad7c        0x4 
 .text.viGetSession_IHOSBinderDriverRelay
                0x000000000000ad80        0xc /opt/devkitpro/libnx/lib/libnx.a(vi.o)
                0x000000000000ad80                viGetSession_IHOSBinderDriverRelay
 *fill*         0x000000000000ad8c        0x4 
 .text.viOpenDisplay
                0x000000000000ad90      0x140 /opt/devkitpro/libnx/lib/libnx.a(vi.o)
                0x000000000000ad90                viOpenDisplay
 .text.viCloseDisplay
                0x000000000000aed0       0xf0 /opt/devkitpro/libnx/lib/libnx.a(vi.o)
                0x000000000000aed0                viCloseDisplay
 .text.viOpenLayer
                0x000000000000afc0       0xd0 /opt/devkitpro/libnx/lib/libnx.a(vi.o)
                0x000000000000afc0                viOpenLayer
 .text.viCloseLayer
                0x000000000000b090      0x100 /opt/devkitpro/libnx/lib/libnx.a(vi.o)
                0x000000000000b090                viCloseLayer
 .text.viSetLayerScalingMode
                0x000000000000b190       0xe8 /opt/devkitpro/libnx/lib/libnx.a(vi.o)
                0x000000000000b190                viSetLayerScalingMode
 *fill*         0x000000000000b278        0x8 
 .text.viGetDisplayVsyncEvent
                0x000000000000b280      0x12c /opt/devkitpro/libnx/lib/libnx.a(vi.o)
                0x000000000000b280                viGetDisplayVsyncEvent
 *fill*         0x000000000000b3ac        0x4 
 .text.ipcCloseObjectById
                0x000000000000b3b0       0x34 /opt/devkitpro/libnx/lib/libnx.a(fs.o)
 *fill*         0x000000000000b3e4        0xc 
 .text.fsInitialize
                0x000000000000b3f0      0x124 /opt/devkitpro/libnx/lib/libnx.a(fs.o)
                0x000000000000b3f0                fsInitialize
 *fill*         0x000000000000b514        0xc 
 .text.fsExit   0x000000000000b520       0x9c /opt/devkitpro/libnx/lib/libnx.a(fs.o)
                0x000000000000b520                fsExit
 *fill*         0x000000000000b5bc        0x4 
 .text.fsMountSdcard
                0x000000000000b5c0      0x134 /opt/devkitpro/libnx/lib/libnx.a(fs.o)
                0x000000000000b5c0                fsMountSdcard
 *fill*         0x000000000000b6f4        0xc 
 .text.fsFsCreateFile
                0x000000000000b700       0xf4 /opt/devkitpro/libnx/lib/libnx.a(fs.o)
                0x000000000000b700                fsFsCreateFile
 *fill*         0x000000000000b7f4        0xc 
 .text.fsFsDeleteFile
                0x000000000000b800       0xf0 /opt/devkitpro/libnx/lib/libnx.a(fs.o)
                0x000000000000b800                fsFsDeleteFile
 .text.fsFsCreateDirectory
                0x000000000000b8f0       0xf0 /opt/devkitpro/libnx/lib/libnx.a(fs.o)
                0x000000000000b8f0                fsFsCreateDirectory
 .text.fsFsDeleteDirectory
                0x000000000000b9e0       0xf0 /opt/devkitpro/libnx/lib/libnx.a(fs.o)
                0x000000000000b9e0                fsFsDeleteDirectory
 .text.fsFsRenameFile
                0x000000000000bad0      0x11c /opt/devkitpro/libnx/lib/libnx.a(fs.o)
                0x000000000000bad0                fsFsRenameFile
 *fill*         0x000000000000bbec        0x4 
 .text.fsFsRenameDirectory
                0x000000000000bbf0      0x11c /opt/devkitpro/libnx/lib/libnx.a(fs.o)
                0x000000000000bbf0                fsFsRenameDirectory
 *fill*         0x000000000000bd0c        0x4 
 .text.fsFsGetEntryType
                0x000000000000bd10      0x104 /opt/devkitpro/libnx/lib/libnx.a(fs.o)
                0x000000000000bd10                fsFsGetEntryType
 *fill*         0x000000000000be14        0xc 
 .text.fsFsOpenFile
                0x000000000000be20      0x154 /opt/devkitpro/libnx/lib/libnx.a(fs.o)
                0x000000000000be20                fsFsOpenFile
 *fill*         0x000000000000bf74        0xc 
 .text.fsFsOpenDirectory
                0x000000000000bf80      0x14c /opt/devkitpro/libnx/lib/libnx.a(fs.o)
                0x000000000000bf80                fsFsOpenDirectory
 *fill*         0x000000000000c0cc        0x4 
 .text.fsFsGetFreeSpace
                0x000000000000c0d0      0x104 /opt/devkitpro/libnx/lib/libnx.a(fs.o)
                0x000000000000c0d0                fsFsGetFreeSpace
 *fill*         0x000000000000c1d4        0xc 
 .text.fsFsGetTotalSpace
                0x000000000000c1e0      0x104 /opt/devkitpro/libnx/lib/libnx.a(fs.o)
                0x000000000000c1e0                fsFsGetTotalSpace
 *fill*         0x000000000000c2e4        0xc 
 .text.fsFsClose
                0x000000000000c2f0       0x6c /opt/devkitpro/libnx/lib/libnx.a(fs.o)
                0x000000000000c2f0                fsFsClose
 *fill*         0x000000000000c35c        0x4 
 .text.fsFileRead
                0x000000000000c360      0x108 /opt/devkitpro/libnx/lib/libnx.a(fs.o)
                0x000000000000c360                fsFileRead
 *fill*         0x000000000000c468        0x8 
 .text.fsFileWrite
                0x000000000000c470       0xf8 /opt/devkitpro/libnx/lib/libnx.a(fs.o)
                0x000000000000c470                fsFileWrite
 *fill*         0x000000000000c568        0x8 
 .text.fsFileFlush
                0x000000000000c570       0xc8 /opt/devkitpro/libnx/lib/libnx.a(fs.o)
                0x000000000000c570                fsFileFlush
 *fill*         0x000000000000c638        0x8 
 .text.fsFileSetSize
                0x000000000000c640       0xc8 /opt/devkitpro/libnx/lib/libnx.a(fs.o)
                0x000000000000c640                fsFileSetSize
 *fill*         0x000000000000c708        0x8 
 .text.fsFileGetSize
                0x000000000000c710       0xec /opt/devkitpro/libnx/lib/libnx.a(fs.o)
                0x000000000000c710                fsFileGetSize
 *fill*         0x000000000000c7fc        0x4 
 .text.fsFileClose
                0x000000000000c800       0x6c /opt/devkitpro/libnx/lib/libnx.a(fs.o)
                0x000000000000c800                fsFileClose
 *fill*         0x000000000000c86c        0x4 
 .text.fsDirClose
                0x000000000000c870       0x6c /opt/devkitpro/libnx/lib/libnx.a(fs.o)
                0x000000000000c870                fsDirClose
 *fill*         0x000000000000c8dc        0x4 
 .text.fsDirRead
                0x000000000000c8e0      0x110 /opt/devkitpro/libnx/lib/libnx.a(fs.o)
                0x000000000000c8e0                fsDirRead
 .text.bufferProducerInitialize
                0x000000000000c9f0       0x10 /opt/devkitpro/libnx/lib/libnx.a(buffer_producer.o)
                0x000000000000c9f0                bufferProducerInitialize
 .text.bufferProducerExit
                0x000000000000ca00        0xc /opt/devkitpro/libnx/lib/libnx.a(buffer_producer.o)
                0x000000000000ca00                bufferProducerExit
 *fill*         0x000000000000ca0c        0x4 
 .text.bufferProducerRequestBuffer
                0x000000000000ca10      0x11c /opt/devkitpro/libnx/lib/libnx.a(buffer_producer.o)
                0x000000000000ca10                bufferProducerRequestBuffer
 *fill*         0x000000000000cb2c        0x4 
 .text.bufferProducerDequeueBuffer
                0x000000000000cb30      0x198 /opt/devkitpro/libnx/lib/libnx.a(buffer_producer.o)
                0x000000000000cb30                bufferProducerDequeueBuffer
 *fill*         0x000000000000ccc8        0x8 
 .text.bufferProducerDetachBuffer
                0x000000000000ccd0       0x94 /opt/devkitpro/libnx/lib/libnx.a(buffer_producer.o)
                0x000000000000ccd0                bufferProducerDetachBuffer
 *fill*         0x000000000000cd64        0xc 
 .text.bufferProducerQueueBuffer
                0x000000000000cd70      0x108 /opt/devkitpro/libnx/lib/libnx.a(buffer_producer.o)
                0x000000000000cd70                bufferProducerQueueBuffer
 *fill*         0x000000000000ce78        0x8 
 .text.bufferProducerQuery
                0x000000000000ce80       0xdc /opt/devkitpro/libnx/lib/libnx.a(buffer_producer.o)
                0x000000000000ce80                bufferProducerQuery
 *fill*         0x000000000000cf5c        0x4 
 .text.bufferProducerConnect
                0x000000000000cf60      0x110 /opt/devkitpro/libnx/lib/libnx.a(buffer_producer.o)
                0x000000000000cf60                bufferProducerConnect
 .text.bufferProducerDisconnect
                0x000000000000d070       0x94 /opt/devkitpro/libnx/lib/libnx.a(buffer_producer.o)
                0x000000000000d070                bufferProducerDisconnect
 *fill*         0x000000000000d104        0xc 
 .text.bufferProducerGraphicBufferInit
                0x000000000000d110      0x100 /opt/devkitpro/libnx/lib/libnx.a(buffer_producer.o)
                0x000000000000d110                bufferProducerGraphicBufferInit
 .text._binderTransactParcelAuto
                0x000000000000d210      0x248 /opt/devkitpro/libnx/lib/libnx.a(binder.o)
 *fill*         0x000000000000d458        0x8 
 .text.ipcQueryPointerBufferSize
                0x000000000000d460       0xc8 /opt/devkitpro/libnx/lib/libnx.a(binder.o)
 *fill*         0x000000000000d528        0x8 
 .text._binderTransactParcel
                0x000000000000d530      0x138 /opt/devkitpro/libnx/lib/libnx.a(binder.o)
 *fill*         0x000000000000d668        0x8 
 .text.binderCreateSession
                0x000000000000d670       0x18 /opt/devkitpro/libnx/lib/libnx.a(binder.o)
                0x000000000000d670                binderCreateSession
 *fill*         0x000000000000d688        0x8 
 .text.binderTransactParcel
                0x000000000000d690       0x10 /opt/devkitpro/libnx/lib/libnx.a(binder.o)
                0x000000000000d690                binderTransactParcel
 .text.binderAdjustRefcount
                0x000000000000d6a0       0xe4 /opt/devkitpro/libnx/lib/libnx.a(binder.o)
                0x000000000000d6a0                binderAdjustRefcount
 *fill*         0x000000000000d784        0xc 
 .text.binderExitSession
                0x000000000000d790       0x68 /opt/devkitpro/libnx/lib/libnx.a(binder.o)
                0x000000000000d790                binderExitSession
 *fill*         0x000000000000d7f8        0x8 
 .text.binderGetNativeHandle
                0x000000000000d800      0x13c /opt/devkitpro/libnx/lib/libnx.a(binder.o)
                0x000000000000d800                binderGetNativeHandle
 *fill*         0x000000000000d93c        0x4 
 .text.binderInitSession
                0x000000000000d940      0x120 /opt/devkitpro/libnx/lib/libnx.a(binder.o)
                0x000000000000d940                binderInitSession
 .text.parcelInitialize
                0x000000000000da60       0x28 /opt/devkitpro/libnx/lib/libnx.a(parcel.o)
                0x000000000000da60                parcelInitialize
 *fill*         0x000000000000da88        0x8 
 .text.parcelTransact
                0x000000000000da90      0x190 /opt/devkitpro/libnx/lib/libnx.a(parcel.o)
                0x000000000000da90                parcelTransact
 .text.parcelWriteData
                0x000000000000dc20       0x88 /opt/devkitpro/libnx/lib/libnx.a(parcel.o)
                0x000000000000dc20                parcelWriteData
 *fill*         0x000000000000dca8        0x8 
 .text.parcelReadData
                0x000000000000dcb0       0x98 /opt/devkitpro/libnx/lib/libnx.a(parcel.o)
                0x000000000000dcb0                parcelReadData
 *fill*         0x000000000000dd48        0x8 
 .text.parcelWriteInt32
                0x000000000000dd50       0x20 /opt/devkitpro/libnx/lib/libnx.a(parcel.o)
                0x000000000000dd50                parcelWriteInt32
 .text.parcelWriteUInt32
                0x000000000000dd70       0x20 /opt/devkitpro/libnx/lib/libnx.a(parcel.o)
                0x000000000000dd70                parcelWriteUInt32
 .text.parcelWriteString16
                0x000000000000dd90       0x80 /opt/devkitpro/libnx/lib/libnx.a(parcel.o)
                0x000000000000dd90                parcelWriteString16
 .text.parcelWriteInterfaceToken
                0x000000000000de10       0x30 /opt/devkitpro/libnx/lib/libnx.a(parcel.o)
                0x000000000000de10                parcelWriteInterfaceToken
 .text.parcelReadInt32
                0x000000000000de40       0x24 /opt/devkitpro/libnx/lib/libnx.a(parcel.o)
                0x000000000000de40                parcelReadInt32
 *fill*         0x000000000000de64        0xc 
 .text.parcelReadFlattenedObject
                0x000000000000de70       0x68 /opt/devkitpro/libnx/lib/libnx.a(parcel.o)
                0x000000000000de70                parcelReadFlattenedObject
 *fill*         0x000000000000ded8        0x8 
 .text.parcelWriteFlattenedObject
                0x000000000000dee0       0x44 /opt/devkitpro/libnx/lib/libnx.a(parcel.o)
                0x000000000000dee0                parcelWriteFlattenedObject
 *fill*         0x000000000000df24        0xc 
 .text.decode_utf8
                0x000000000000df30      0x12c /opt/devkitpro/libnx/lib/libnx.a(decode_utf8.o)
                0x000000000000df30                decode_utf8
 .text.__aarch64_read_tp
                0x000000000000e05c        0xc /opt/devkitpro/libnx/lib/libnx.a(readtp.o)
                0x000000000000e05c                __aarch64_read_tp
 *fill*         0x000000000000e068        0x8 
 .text.nxlinkSetup
                0x000000000000e070       0xc4 /opt/devkitpro/libnx/lib/libnx.a(nxlink.o)
                0x000000000000e070                nxlinkSetup
 *fill*         0x000000000000e134        0xc 
 .text.tmemCreate
                0x000000000000e140       0x7c /opt/devkitpro/libnx/lib/libnx.a(tmem.o)
                0x000000000000e140                tmemCreate
 *fill*         0x000000000000e1bc        0x4 
 .text.tmemUnmap
                0x000000000000e1c0       0x58 /opt/devkitpro/libnx/lib/libnx.a(tmem.o)
                0x000000000000e1c0                tmemUnmap
 *fill*         0x000000000000e218        0x8 
 .text.tmemClose
                0x000000000000e220       0x68 /opt/devkitpro/libnx/lib/libnx.a(tmem.o)
                0x000000000000e220                tmemClose
 .text.bsearch  0x000000000000e288       0xb8 /opt/devkitpro/devkitA64/lib/gcc/aarch64-none-elf/8.2.0/../../../../aarch64-none-elf/lib/pic/libg.a(lib_a-bsearch.o)
                0x000000000000e288                bsearch
 .text.__errno  0x000000000000e340       0x14 /opt/devkitpro/devkitA64/lib/gcc/aarch64-none-elf/8.2.0/../../../../aarch64-none-elf/lib/pic/libg.a(lib_a-errno.o)
                0x000000000000e340                __errno
 *fill*         0x000000000000e354        0x4 
 .text.__libc_fini_array
                0x000000000000e358       0x44 /opt/devkitpro/devkitA64/lib/gcc/aarch64-none-elf/8.2.0/../../../../aarch64-none-elf/lib/pic/libg.a(lib_a-fini.o)
                0x000000000000e358                __libc_fini_array
 *fill*         0x000000000000e39c        0x4 
 .text.__libc_init_array
                0x000000000000e3a0       0x8c /opt/devkitpro/devkitA64/lib/gcc/aarch64-none-elf/8.2.0/../../../../aarch64-none-elf/lib/pic/libg.a(lib_a-init.o)
                0x000000000000e3a0                __libc_init_array
 *fill*         0x000000000000e42c        0x4 
 .text.localtime
                0x000000000000e430       0x28 /opt/devkitpro/devkitA64/lib/gcc/aarch64-none-elf/8.2.0/../../../../aarch64-none-elf/lib/pic/libg.a(lib_a-lcltime.o)
                0x000000000000e430                localtime
 .text.localtime_r
                0x000000000000e458      0x380 /opt/devkitpro/devkitA64/lib/gcc/aarch64-none-elf/8.2.0/../../../../aarch64-none-elf/lib/pic/libg.a(lib_a-lcltime_r.o)
                0x000000000000e458                localtime_r
 .text.__locale_mb_cur_max
                0x000000000000e7d8       0x2c /opt/devkitpro/devkitA64/lib/gcc/aarch64-none-elf/8.2.0/../../../../aarch64-none-elf/lib/pic/libg.a(lib_a-locale.o)
                0x000000000000e7d8                __locale_mb_cur_max
 *fill*         0x000000000000e804        0x4 
 .text.__locale_ctype_ptr_l
                0x000000000000e808        0x8 /opt/devkitpro/devkitA64/lib/gcc/aarch64-none-elf/8.2.0/../../../../aarch64-none-elf/lib/pic/libg.a(lib_a-locale.o)
                0x000000000000e808                __locale_ctype_ptr_l
 .text.__locale_ctype_ptr
                0x000000000000e810       0x2c /opt/devkitpro/devkitA64/lib/gcc/aarch64-none-elf/8.2.0/../../../../aarch64-none-elf/lib/pic/libg.a(lib_a-locale.o)
                0x000000000000e810                __locale_ctype_ptr
 *fill*         0x000000000000e83c        0x4 
 .text.memalign
                0x000000000000e840       0x30 /opt/devkitpro/devkitA64/lib/gcc/aarch64-none-elf/8.2.0/../../../../aarch64-none-elf/lib/pic/libg.a(lib_a-malign.o)
                0x000000000000e840                memalign
 .text._memalign_r
                0x000000000000e870      0x198 /opt/devkitpro/devkitA64/lib/gcc/aarch64-none-elf/8.2.0/../../../../aarch64-none-elf/lib/pic/libg.a(lib_a-malignr.o)
                0x000000000000e870                _memalign_r
 .text.malloc   0x000000000000ea08       0x1c /opt/devkitpro/devkitA64/lib/gcc/aarch64-none-elf/8.2.0/../../../../aarch64-none-elf/lib/pic/libg.a(lib_a-malloc.o)
                0x000000000000ea08                malloc
 *fill*         0x000000000000ea24        0x4 
 .text.free     0x000000000000ea28       0x1c /opt/devkitpro/devkitA64/lib/gcc/aarch64-none-elf/8.2.0/../../../../aarch64-none-elf/lib/pic/libg.a(lib_a-malloc.o)
                0x000000000000ea28                free
 *fill*         0x000000000000ea44        0x4 
 .text._malloc_r
                0x000000000000ea48      0x844 /opt/devkitpro/devkitA64/lib/gcc/aarch64-none-elf/8.2.0/../../../../aarch64-none-elf/lib/pic/libg.a(lib_a-mallocr.o)
                0x000000000000ea48                _malloc_r
 *fill*         0x000000000000f28c        0x4 
 .text.__utf8_mbtowc
                0x000000000000f290      0x2c8 /opt/devkitpro/devkitA64/lib/gcc/aarch64-none-elf/8.2.0/../../../../aarch64-none-elf/lib/pic/libg.a(lib_a-mbtowc_r.o)
                0x000000000000f290                __utf8_mbtowc
 .text          0x000000000000f558       0xd8 /opt/devkitpro/devkitA64/lib/gcc/aarch64-none-elf/8.2.0/../../../../aarch64-none-elf/lib/pic/libg.a(lib_a-memchr.o)
                0x000000000000f558                memchr
 *fill*         0x000000000000f630       0x10 
 .text          0x000000000000f640      0x16c /opt/devkitpro/devkitA64/lib/gcc/aarch64-none-elf/8.2.0/../../../../aarch64-none-elf/lib/pic/libg.a(lib_a-memcpy.o)
                0x000000000000f640                memcpy
 *fill*         0x000000000000f7ac       0x14 
 .text          0x000000000000f7c0      0x1d8 /opt/devkitpro/devkitA64/lib/gcc/aarch64-none-elf/8.2.0/../../../../aarch64-none-elf/lib/pic/libg.a(lib_a-memset.o)
                0x000000000000f7c0                memset
 .text.__malloc_lock
                0x000000000000f998        0xc /opt/devkitpro/devkitA64/lib/gcc/aarch64-none-elf/8.2.0/../../../../aarch64-none-elf/lib/pic/libg.a(lib_a-mlock.o)
                0x000000000000f998                __malloc_lock
 *fill*         0x000000000000f9a4        0x4 
 .text.__malloc_unlock
                0x000000000000f9a8        0xc /opt/devkitpro/devkitA64/lib/gcc/aarch64-none-elf/8.2.0/../../../../aarch64-none-elf/lib/pic/libg.a(lib_a-mlock.o)
                0x000000000000f9a8                __malloc_unlock
 *fill*         0x000000000000f9b4        0x4 
 .text.printf   0x000000000000f9b8       0x8c /opt/devkitpro/devkitA64/lib/gcc/aarch64-none-elf/8.2.0/../../../../aarch64-none-elf/lib/pic/libg.a(lib_a-printf.o)
                0x000000000000f9b8                printf
 *fill*         0x000000000000fa44        0x4 
 .text._puts_r  0x000000000000fa48       0xd4 /opt/devkitpro/devkitA64/lib/gcc/aarch64-none-elf/8.2.0/../../../../aarch64-none-elf/lib/pic/libg.a(lib_a-puts.o)
                0x000000000000fa48                _puts_r
 *fill*         0x000000000000fb1c        0x4 
 .text.puts     0x000000000000fb20       0x1c /opt/devkitpro/devkitA64/lib/gcc/aarch64-none-elf/8.2.0/../../../../aarch64-none-elf/lib/pic/libg.a(lib_a-puts.o)
                0x000000000000fb20                puts
 *fill*         0x000000000000fb3c        0x4 
 .text.setvbuf  0x000000000000fb40      0x25c /opt/devkitpro/devkitA64/lib/gcc/aarch64-none-elf/8.2.0/../../../../aarch64-none-elf/lib/pic/libg.a(lib_a-setvbuf.o)
                0x000000000000fb40                setvbuf
 *fill*         0x000000000000fd9c        0x4 
 .text.sscanf   0x000000000000fda0       0xbc /opt/devkitpro/devkitA64/lib/gcc/aarch64-none-elf/8.2.0/../../../../aarch64-none-elf/lib/pic/libg.a(lib_a-sscanf.o)
                0x000000000000fda0                sscanf
 *fill*         0x000000000000fe5c        0x4 
 .text.__sread  0x000000000000fe60       0x50 /opt/devkitpro/devkitA64/lib/gcc/aarch64-none-elf/8.2.0/../../../../aarch64-none-elf/lib/pic/libg.a(lib_a-stdio.o)
                0x000000000000fe60                __sread
 .text.__seofread
                0x000000000000feb0        0x8 /opt/devkitpro/devkitA64/lib/gcc/aarch64-none-elf/8.2.0/../../../../aarch64-none-elf/lib/pic/libg.a(lib_a-stdio.o)
                0x000000000000feb0                __seofread
 .text.__swrite
                0x000000000000feb8       0x6c /opt/devkitpro/devkitA64/lib/gcc/aarch64-none-elf/8.2.0/../../../../aarch64-none-elf/lib/pic/libg.a(lib_a-stdio.o)
                0x000000000000feb8                __swrite
 *fill*         0x000000000000ff24        0x4 
 .text.__sseek  0x000000000000ff28       0x50 /opt/devkitpro/devkitA64/lib/gcc/aarch64-none-elf/8.2.0/../../../../aarch64-none-elf/lib/pic/libg.a(lib_a-stdio.o)
                0x000000000000ff28                __sseek
 .text.__sclose
                0x000000000000ff78        0x8 /opt/devkitpro/devkitA64/lib/gcc/aarch64-none-elf/8.2.0/../../../../aarch64-none-elf/lib/pic/libg.a(lib_a-stdio.o)
                0x000000000000ff78                __sclose
 .text          0x000000000000ff80       0xdc /opt/devkitpro/devkitA64/lib/gcc/aarch64-none-elf/8.2.0/../../../../aarch64-none-elf/lib/pic/libg.a(lib_a-strchr.o)
                0x000000000000ff80                strchr
 *fill*         0x000000000001005c       0x24 
 .text          0x0000000000010080       0xa4 /opt/devkitpro/devkitA64/lib/gcc/aarch64-none-elf/8.2.0/../../../../aarch64-none-elf/lib/pic/libg.a(lib_a-strcmp.o)
                0x0000000000010080                strcmp
 *fill*         0x0000000000010124       0x1c 
 .text          0x0000000000010140      0x1b8 /opt/devkitpro/devkitA64/lib/gcc/aarch64-none-elf/8.2.0/../../../../aarch64-none-elf/lib/pic/libg.a(lib_a-strcpy.o)
                0x0000000000010140                strcpy
 .text.iso_year_adjust
                0x00000000000102f8      0x170 /opt/devkitpro/devkitA64/lib/gcc/aarch64-none-elf/8.2.0/../../../../aarch64-none-elf/lib/pic/libg.a(lib_a-strftime.o)
 .text.__strftime
                0x0000000000010468      0xf2c /opt/devkitpro/devkitA64/lib/gcc/aarch64-none-elf/8.2.0/../../../../aarch64-none-elf/lib/pic/libg.a(lib_a-strftime.o)
 *fill*         0x0000000000011394        0x4 
 .text.strftime
                0x0000000000011398       0x48 /opt/devkitpro/devkitA64/lib/gcc/aarch64-none-elf/8.2.0/../../../../aarch64-none-elf/lib/pic/libg.a(lib_a-strftime.o)
                0x0000000000011398                strftime
 *fill*         0x00000000000113e0       0x20 
 .text          0x0000000000011400      0x140 /opt/devkitpro/devkitA64/lib/gcc/aarch64-none-elf/8.2.0/../../../../aarch64-none-elf/lib/pic/libg.a(lib_a-strlen.o)
                0x0000000000011400                strlen
 .text.strncat  0x0000000000011540       0x84 /opt/devkitpro/devkitA64/lib/gcc/aarch64-none-elf/8.2.0/../../../../aarch64-none-elf/lib/pic/libg.a(lib_a-strncat.o)
                0x0000000000011540                strncat
 *fill*         0x00000000000115c4       0x3c 
 .text          0x0000000000011600      0x124 /opt/devkitpro/devkitA64/lib/gcc/aarch64-none-elf/8.2.0/../../../../aarch64-none-elf/lib/pic/libg.a(lib_a-strncmp.o)
                0x000000000001161c                strncmp
 *fill*         0x0000000000011724        0x4 
 .text.strncpy  0x0000000000011728       0xa8 /opt/devkitpro/devkitA64/lib/gcc/aarch64-none-elf/8.2.0/../../../../aarch64-none-elf/lib/pic/libg.a(lib_a-strncpy.o)
                0x0000000000011728                strncpy
 *fill*         0x00000000000117d0       0x30 
 .text          0x0000000000011800       0xe0 /opt/devkitpro/devkitA64/lib/gcc/aarch64-none-elf/8.2.0/../../../../aarch64-none-elf/lib/pic/libg.a(lib_a-strnlen.o)
                0x0000000000011824                strnlen
 .text._strtol_l.isra.0
                0x00000000000118e0      0x1d0 /opt/devkitpro/devkitA64/lib/gcc/aarch64-none-elf/8.2.0/../../../../aarch64-none-elf/lib/pic/libg.a(lib_a-strtol.o)
 .text._strtol_r
                0x0000000000011ab0       0x48 /opt/devkitpro/devkitA64/lib/gcc/aarch64-none-elf/8.2.0/../../../../aarch64-none-elf/lib/pic/libg.a(lib_a-strtol.o)
                0x0000000000011ab0                _strtol_r
 .text._strtoul_l.isra.0
                0x0000000000011af8      0x1e0 /opt/devkitpro/devkitA64/lib/gcc/aarch64-none-elf/8.2.0/../../../../aarch64-none-elf/lib/pic/libg.a(lib_a-strtoul.o)
 .text._strtoul_r
                0x0000000000011cd8       0x48 /opt/devkitpro/devkitA64/lib/gcc/aarch64-none-elf/8.2.0/../../../../aarch64-none-elf/lib/pic/libg.a(lib_a-strtoul.o)
                0x0000000000011cd8                _strtoul_r
 .text.strtoul  0x0000000000011d20       0x5c /opt/devkitpro/devkitA64/lib/gcc/aarch64-none-elf/8.2.0/../../../../aarch64-none-elf/lib/pic/libg.a(lib_a-strtoul.o)
                0x0000000000011d20                strtoul
 .text.get_arg  0x0000000000011d7c       0x5c /opt/devkitpro/devkitA64/lib/gcc/aarch64-none-elf/8.2.0/../../../../aarch64-none-elf/lib/pic/libg.a(lib_a-svfscanf.o)
 .text.__ssvfscanf_r
                0x0000000000011dd8     0x2f48 /opt/devkitpro/devkitA64/lib/gcc/aarch64-none-elf/8.2.0/../../../../aarch64-none-elf/lib/pic/libg.a(lib_a-svfscanf.o)
                0x0000000000011dd8                __ssvfscanf_r
 .text.stat     0x0000000000014d20       0x30 /opt/devkitpro/devkitA64/lib/gcc/aarch64-none-elf/8.2.0/../../../../aarch64-none-elf/lib/pic/libg.a(lib_a-sysstat.o)
                0x0000000000014d20                stat
 .text.__tzcalc_limits
                0x0000000000014d50      0x230 /opt/devkitpro/devkitA64/lib/gcc/aarch64-none-elf/8.2.0/../../../../aarch64-none-elf/lib/pic/libg.a(lib_a-tzcalc_limits.o)
                0x0000000000014d50                __tzcalc_limits
 .text.__tz_lock
                0x0000000000014f80        0xc /opt/devkitpro/devkitA64/lib/gcc/aarch64-none-elf/8.2.0/../../../../aarch64-none-elf/lib/pic/libg.a(lib_a-tzlock.o)
                0x0000000000014f80                __tz_lock
 *fill*         0x0000000000014f8c        0x4 
 .text.__tz_unlock
                0x0000000000014f90        0xc /opt/devkitpro/devkitA64/lib/gcc/aarch64-none-elf/8.2.0/../../../../aarch64-none-elf/lib/pic/libg.a(lib_a-tzlock.o)
                0x0000000000014f90                __tz_unlock
 *fill*         0x0000000000014f9c        0x4 
 .text._tzset_unlocked
                0x0000000000014fa0       0x14 /opt/devkitpro/devkitA64/lib/gcc/aarch64-none-elf/8.2.0/../../../../aarch64-none-elf/lib/pic/libg.a(lib_a-tzset.o)
                0x0000000000014fa0                _tzset_unlocked
 *fill*         0x0000000000014fb4        0x4 
 .text._tzset_unlocked_r
                0x0000000000014fb8      0x50c /opt/devkitpro/devkitA64/lib/gcc/aarch64-none-elf/8.2.0/../../../../aarch64-none-elf/lib/pic/libg.a(lib_a-tzset_r.o)
                0x0000000000014fb8                _tzset_unlocked_r
 .text.__sprint_r
                0x00000000000154c4       0x3c /opt/devkitpro/devkitA64/lib/gcc/aarch64-none-elf/8.2.0/../../../../aarch64-none-elf/lib/pic/libg.a(lib_a-vfiprintf.o)
                0x00000000000154c4                __sprint_r
 .text.get_arg  0x0000000000015500      0x76c /opt/devkitpro/devkitA64/lib/gcc/aarch64-none-elf/8.2.0/../../../../aarch64-none-elf/lib/pic/libg.a(lib_a-vfprintf.o)
 .text._vfprintf_r
                0x0000000000015c6c     0x3bfc /opt/devkitpro/devkitA64/lib/gcc/aarch64-none-elf/8.2.0/../../../../aarch64-none-elf/lib/pic/libg.a(lib_a-vfprintf.o)
                0x0000000000015c6c                _vfprintf_r
 .text.__sbprintf
                0x0000000000019868       0xec /opt/devkitpro/devkitA64/lib/gcc/aarch64-none-elf/8.2.0/../../../../aarch64-none-elf/lib/pic/libg.a(lib_a-vfprintf.o)
 *fill*         0x0000000000019954        0x4 
 .text._wcrtomb_r
                0x0000000000019958       0xd0 /opt/devkitpro/devkitA64/lib/gcc/aarch64-none-elf/8.2.0/../../../../aarch64-none-elf/lib/pic/libg.a(lib_a-wcrtomb.o)
                0x0000000000019958                _wcrtomb_r
 .text._wcsrtombs_r
                0x0000000000019a28       0x10 /opt/devkitpro/devkitA64/lib/gcc/aarch64-none-elf/8.2.0/../../../../aarch64-none-elf/lib/pic/libg.a(lib_a-wcsrtombs.o)
                0x0000000000019a28                _wcsrtombs_r
 .text.__utf8_wctomb
                0x0000000000019a38       0xe4 /opt/devkitpro/devkitA64/lib/gcc/aarch64-none-elf/8.2.0/../../../../aarch64-none-elf/lib/pic/libg.a(lib_a-wctomb_r.o)
                0x0000000000019a38                __utf8_wctomb
 *fill*         0x0000000000019b1c        0x4 
 .text.__swsetup_r
                0x0000000000019b20      0x140 /opt/devkitpro/devkitA64/lib/gcc/aarch64-none-elf/8.2.0/../../../../aarch64-none-elf/lib/pic/libg.a(lib_a-wsetup.o)
                0x0000000000019b20                __swsetup_r
 .text.abs      0x0000000000019c60        0xc /opt/devkitpro/devkitA64/lib/gcc/aarch64-none-elf/8.2.0/../../../../aarch64-none-elf/lib/pic/libg.a(lib_a-abs.o)
                0x0000000000019c60                abs
 *fill*         0x0000000000019c6c        0x4 
 .text.__call_exitprocs
                0x0000000000019c70      0x17c /opt/devkitpro/devkitA64/lib/gcc/aarch64-none-elf/8.2.0/../../../../aarch64-none-elf/lib/pic/libg.a(lib_a-__call_atexit.o)
                0x0000000000019c70                __call_exitprocs
 *fill*         0x0000000000019dec        0x4 
 .text.quorem   0x0000000000019df0      0x1a8 /opt/devkitpro/devkitA64/lib/gcc/aarch64-none-elf/8.2.0/../../../../aarch64-none-elf/lib/pic/libg.a(lib_a-dtoa.o)
 .text._dtoa_r  0x0000000000019f98     0x10dc /opt/devkitpro/devkitA64/lib/gcc/aarch64-none-elf/8.2.0/../../../../aarch64-none-elf/lib/pic/libg.a(lib_a-dtoa.o)
                0x0000000000019f98                _dtoa_r
 *fill*         0x000000000001b074        0x4 
 .text.__sflush_r
                0x000000000001b078      0x214 /opt/devkitpro/devkitA64/lib/gcc/aarch64-none-elf/8.2.0/../../../../aarch64-none-elf/lib/pic/libg.a(lib_a-fflush.o)
                0x000000000001b078                __sflush_r
 *fill*         0x000000000001b28c        0x4 
 .text._fflush_r
                0x000000000001b290       0xb8 /opt/devkitpro/devkitA64/lib/gcc/aarch64-none-elf/8.2.0/../../../../aarch64-none-elf/lib/pic/libg.a(lib_a-fflush.o)
                0x000000000001b290                _fflush_r
 .text.std      0x000000000001b348       0x78 /opt/devkitpro/devkitA64/lib/gcc/aarch64-none-elf/8.2.0/../../../../aarch64-none-elf/lib/pic/libg.a(lib_a-findfp.o)
 .text._cleanup_r
                0x000000000001b3c0        0xc /opt/devkitpro/devkitA64/lib/gcc/aarch64-none-elf/8.2.0/../../../../aarch64-none-elf/lib/pic/libg.a(lib_a-findfp.o)
                0x000000000001b3c0                _cleanup_r
 *fill*         0x000000000001b3cc        0x4 
 .text.__sfp_lock_acquire
                0x000000000001b3d0        0xc /opt/devkitpro/devkitA64/lib/gcc/aarch64-none-elf/8.2.0/../../../../aarch64-none-elf/lib/pic/libg.a(lib_a-findfp.o)
                0x000000000001b3d0                __sfp_lock_acquire
 *fill*         0x000000000001b3dc        0x4 
 .text.__sfp_lock_release
                0x000000000001b3e0        0xc /opt/devkitpro/devkitA64/lib/gcc/aarch64-none-elf/8.2.0/../../../../aarch64-none-elf/lib/pic/libg.a(lib_a-findfp.o)
                0x000000000001b3e0                __sfp_lock_release
 *fill*         0x000000000001b3ec        0x4 
 .text.__sinit_lock_acquire
                0x000000000001b3f0        0xc /opt/devkitpro/devkitA64/lib/gcc/aarch64-none-elf/8.2.0/../../../../aarch64-none-elf/lib/pic/libg.a(lib_a-findfp.o)
                0x000000000001b3f0                __sinit_lock_acquire
 *fill*         0x000000000001b3fc        0x4 
 .text.__sinit_lock_release
                0x000000000001b400        0xc /opt/devkitpro/devkitA64/lib/gcc/aarch64-none-elf/8.2.0/../../../../aarch64-none-elf/lib/pic/libg.a(lib_a-findfp.o)
                0x000000000001b400                __sinit_lock_release
 *fill*         0x000000000001b40c        0x4 
 .text.__sinit  0x000000000001b410       0x80 /opt/devkitpro/devkitA64/lib/gcc/aarch64-none-elf/8.2.0/../../../../aarch64-none-elf/lib/pic/libg.a(lib_a-findfp.o)
                0x000000000001b410                __sinit
 .text._malloc_trim_r
                0x000000000001b490      0x118 /opt/devkitpro/devkitA64/lib/gcc/aarch64-none-elf/8.2.0/../../../../aarch64-none-elf/lib/pic/libg.a(lib_a-freer.o)
                0x000000000001b490                _malloc_trim_r
 .text._free_r  0x000000000001b5a8      0x2f4 /opt/devkitpro/devkitA64/lib/gcc/aarch64-none-elf/8.2.0/../../../../aarch64-none-elf/lib/pic/libg.a(lib_a-freer.o)
                0x000000000001b5a8                _free_r
 *fill*         0x000000000001b89c        0x4 
 .text.__sfvwrite_r
                0x000000000001b8a0      0x4b8 /opt/devkitpro/devkitA64/lib/gcc/aarch64-none-elf/8.2.0/../../../../aarch64-none-elf/lib/pic/libg.a(lib_a-fvwrite.o)
                0x000000000001b8a0                __sfvwrite_r
 .text._fwalk_reent
                0x000000000001bd58       0xbc /opt/devkitpro/devkitA64/lib/gcc/aarch64-none-elf/8.2.0/../../../../aarch64-none-elf/lib/pic/libg.a(lib_a-fwalk.o)
                0x000000000001bd58                _fwalk_reent
 *fill*         0x000000000001be14        0x4 
 .text._findenv_r
                0x000000000001be18      0x100 /opt/devkitpro/devkitA64/lib/gcc/aarch64-none-elf/8.2.0/../../../../aarch64-none-elf/lib/pic/libg.a(lib_a-getenv_r.o)
                0x000000000001be18                _findenv_r
 .text._getenv_r
                0x000000000001bf18       0x18 /opt/devkitpro/devkitA64/lib/gcc/aarch64-none-elf/8.2.0/../../../../aarch64-none-elf/lib/pic/libg.a(lib_a-getenv_r.o)
                0x000000000001bf18                _getenv_r
 .text.__gettzinfo
                0x000000000001bf30        0xc /opt/devkitpro/devkitA64/lib/gcc/aarch64-none-elf/8.2.0/../../../../aarch64-none-elf/lib/pic/libg.a(lib_a-gettzinfo.o)
                0x000000000001bf30                __gettzinfo
 *fill*         0x000000000001bf3c        0x4 
 .text.gmtime_r
                0x000000000001bf40      0x290 /opt/devkitpro/devkitA64/lib/gcc/aarch64-none-elf/8.2.0/../../../../aarch64-none-elf/lib/pic/libg.a(lib_a-gmtime_r.o)
                0x000000000001bf40                gmtime_r
 .text.iswspace
                0x000000000001c1d0       0x84 /opt/devkitpro/devkitA64/lib/gcc/aarch64-none-elf/8.2.0/../../../../aarch64-none-elf/lib/pic/libg.a(lib_a-iswspace.o)
                0x000000000001c1d0                iswspace
 *fill*         0x000000000001c254        0x4 
 .text.__jp2uc  0x000000000001c258      0x244 /opt/devkitpro/devkitA64/lib/gcc/aarch64-none-elf/8.2.0/../../../../aarch64-none-elf/lib/pic/libg.a(lib_a-jp2uc.o)
 *fill*         0x000000000001c49c        0x4 
 .text._jp2uc   0x000000000001c4a0       0xd0 /opt/devkitpro/devkitA64/lib/gcc/aarch64-none-elf/8.2.0/../../../../aarch64-none-elf/lib/pic/libg.a(lib_a-jp2uc.o)
                0x000000000001c4a0                _jp2uc
 .text.labs     0x000000000001c570        0xc /opt/devkitpro/devkitA64/lib/gcc/aarch64-none-elf/8.2.0/../../../../aarch64-none-elf/lib/pic/libg.a(lib_a-labs.o)
                0x000000000001c570                labs
 *fill*         0x000000000001c57c        0x4 
 .text.__localeconv_l
                0x000000000001c580        0x8 /opt/devkitpro/devkitA64/lib/gcc/aarch64-none-elf/8.2.0/../../../../aarch64-none-elf/lib/pic/libg.a(lib_a-localeconv.o)
                0x000000000001c580                __localeconv_l
 .text._localeconv_r
                0x000000000001c588       0x28 /opt/devkitpro/devkitA64/lib/gcc/aarch64-none-elf/8.2.0/../../../../aarch64-none-elf/lib/pic/libg.a(lib_a-localeconv.o)
                0x000000000001c588                _localeconv_r
 .text.__swhatbuf_r
                0x000000000001c5b0       0xa4 /opt/devkitpro/devkitA64/lib/gcc/aarch64-none-elf/8.2.0/../../../../aarch64-none-elf/lib/pic/libg.a(lib_a-makebuf.o)
                0x000000000001c5b0                __swhatbuf_r
 *fill*         0x000000000001c654        0x4 
 .text.__smakebuf_r
                0x000000000001c658      0x10c /opt/devkitpro/devkitA64/lib/gcc/aarch64-none-elf/8.2.0/../../../../aarch64-none-elf/lib/pic/libg.a(lib_a-makebuf.o)
                0x000000000001c658                __smakebuf_r
 *fill*         0x000000000001c764        0x4 
 .text._mbrtowc_r
                0x000000000001c768       0xd8 /opt/devkitpro/devkitA64/lib/gcc/aarch64-none-elf/8.2.0/../../../../aarch64-none-elf/lib/pic/libg.a(lib_a-mbrtowc.o)
                0x000000000001c768                _mbrtowc_r
 .text          0x000000000001c840       0xac /opt/devkitpro/devkitA64/lib/gcc/aarch64-none-elf/8.2.0/../../../../aarch64-none-elf/lib/pic/libg.a(lib_a-memmove.o)
                0x000000000001c840                memmove
 *fill*         0x000000000001c8ec        0x4 
 .text._Balloc  0x000000000001c8f0       0x90 /opt/devkitpro/devkitA64/lib/gcc/aarch64-none-elf/8.2.0/../../../../aarch64-none-elf/lib/pic/libg.a(lib_a-mprec.o)
                0x000000000001c8f0                _Balloc
 .text._Bfree   0x000000000001c980       0x1c /opt/devkitpro/devkitA64/lib/gcc/aarch64-none-elf/8.2.0/../../../../aarch64-none-elf/lib/pic/libg.a(lib_a-mprec.o)
                0x000000000001c980                _Bfree
 *fill*         0x000000000001c99c        0x4 
 .text.__multadd
                0x000000000001c9a0       0xe8 /opt/devkitpro/devkitA64/lib/gcc/aarch64-none-elf/8.2.0/../../../../aarch64-none-elf/lib/pic/libg.a(lib_a-mprec.o)
                0x000000000001c9a0                __multadd
 .text.__s2b    0x000000000001ca88      0x120 /opt/devkitpro/devkitA64/lib/gcc/aarch64-none-elf/8.2.0/../../../../aarch64-none-elf/lib/pic/libg.a(lib_a-mprec.o)
                0x000000000001ca88                __s2b
 .text.__hi0bits
                0x000000000001cba8       0x5c /opt/devkitpro/devkitA64/lib/gcc/aarch64-none-elf/8.2.0/../../../../aarch64-none-elf/lib/pic/libg.a(lib_a-mprec.o)
                0x000000000001cba8                __hi0bits
 *fill*         0x000000000001cc04        0x4 
 .text.__lo0bits
                0x000000000001cc08       0xa0 /opt/devkitpro/devkitA64/lib/gcc/aarch64-none-elf/8.2.0/../../../../aarch64-none-elf/lib/pic/libg.a(lib_a-mprec.o)
                0x000000000001cc08                __lo0bits
 .text.__i2b    0x000000000001cca8       0x2c /opt/devkitpro/devkitA64/lib/gcc/aarch64-none-elf/8.2.0/../../../../aarch64-none-elf/lib/pic/libg.a(lib_a-mprec.o)
                0x000000000001cca8                __i2b
 *fill*         0x000000000001ccd4        0x4 
 .text.__multiply
                0x000000000001ccd8      0x1c8 /opt/devkitpro/devkitA64/lib/gcc/aarch64-none-elf/8.2.0/../../../../aarch64-none-elf/lib/pic/libg.a(lib_a-mprec.o)
                0x000000000001ccd8                __multiply
 .text.__pow5mult
                0x000000000001cea0      0x104 /opt/devkitpro/devkitA64/lib/gcc/aarch64-none-elf/8.2.0/../../../../aarch64-none-elf/lib/pic/libg.a(lib_a-mprec.o)
                0x000000000001cea0                __pow5mult
 *fill*         0x000000000001cfa4        0x4 
 .text.__lshift
                0x000000000001cfa8      0x134 /opt/devkitpro/devkitA64/lib/gcc/aarch64-none-elf/8.2.0/../../../../aarch64-none-elf/lib/pic/libg.a(lib_a-mprec.o)
                0x000000000001cfa8                __lshift
 *fill*         0x000000000001d0dc        0x4 
 .text.__mcmp   0x000000000001d0e0       0x50 /opt/devkitpro/devkitA64/lib/gcc/aarch64-none-elf/8.2.0/../../../../aarch64-none-elf/lib/pic/libg.a(lib_a-mprec.o)
                0x000000000001d0e0                __mcmp
 .text.__mdiff  0x000000000001d130      0x14c /opt/devkitpro/devkitA64/lib/gcc/aarch64-none-elf/8.2.0/../../../../aarch64-none-elf/lib/pic/libg.a(lib_a-mprec.o)
                0x000000000001d130                __mdiff
 *fill*         0x000000000001d27c        0x4 
 .text.__ulp    0x000000000001d280       0x68 /opt/devkitpro/devkitA64/lib/gcc/aarch64-none-elf/8.2.0/../../../../aarch64-none-elf/lib/pic/libg.a(lib_a-mprec.o)
                0x000000000001d280                __ulp
 .text.__b2d    0x000000000001d2e8      0x150 /opt/devkitpro/devkitA64/lib/gcc/aarch64-none-elf/8.2.0/../../../../aarch64-none-elf/lib/pic/libg.a(lib_a-mprec.o)
                0x000000000001d2e8                __b2d
 .text.__d2b    0x000000000001d438      0x138 /opt/devkitpro/devkitA64/lib/gcc/aarch64-none-elf/8.2.0/../../../../aarch64-none-elf/lib/pic/libg.a(lib_a-mprec.o)
                0x000000000001d438                __d2b
 .text.__ratio  0x000000000001d570       0xa0 /opt/devkitpro/devkitA64/lib/gcc/aarch64-none-elf/8.2.0/../../../../aarch64-none-elf/lib/pic/libg.a(lib_a-mprec.o)
                0x000000000001d570                __ratio
 .text.__copybits
                0x000000000001d610       0x68 /opt/devkitpro/devkitA64/lib/gcc/aarch64-none-elf/8.2.0/../../../../aarch64-none-elf/lib/pic/libg.a(lib_a-mprec.o)
                0x000000000001d610                __copybits
 .text.__any_on
                0x000000000001d678       0x84 /opt/devkitpro/devkitA64/lib/gcc/aarch64-none-elf/8.2.0/../../../../aarch64-none-elf/lib/pic/libg.a(lib_a-mprec.o)
                0x000000000001d678                __any_on
 *fill*         0x000000000001d6fc        0x4 
 .text.realloc  0x000000000001d700       0x30 /opt/devkitpro/devkitA64/lib/gcc/aarch64-none-elf/8.2.0/../../../../aarch64-none-elf/lib/pic/libg.a(lib_a-realloc.o)
                0x000000000001d700                realloc
 .text._realloc_r
                0x000000000001d730      0x56c /opt/devkitpro/devkitA64/lib/gcc/aarch64-none-elf/8.2.0/../../../../aarch64-none-elf/lib/pic/libg.a(lib_a-reallocr.o)
                0x000000000001d730                _realloc_r
 *fill*         0x000000000001dc9c        0x4 
 .text.__sccl   0x000000000001dca0       0xbc /opt/devkitpro/devkitA64/lib/gcc/aarch64-none-elf/8.2.0/../../../../aarch64-none-elf/lib/pic/libg.a(lib_a-sccl.o)
                0x000000000001dca0                __sccl
 *fill*         0x000000000001dd5c        0x4 
 .text.nanf     0x000000000001dd60        0xc /opt/devkitpro/devkitA64/lib/gcc/aarch64-none-elf/8.2.0/../../../../aarch64-none-elf/lib/pic/libg.a(lib_a-sf_nan.o)
                0x000000000001dd60                nanf
 *fill*         0x000000000001dd6c        0x4 
 .text.frexp    0x000000000001dd70       0x7c /opt/devkitpro/devkitA64/lib/gcc/aarch64-none-elf/8.2.0/../../../../aarch64-none-elf/lib/pic/libg.a(lib_a-s_frexp.o)
                0x000000000001dd70                frexp
 *fill*         0x000000000001ddec        0x4 
 .text.siscanf  0x000000000001ddf0       0xbc /opt/devkitpro/devkitA64/lib/gcc/aarch64-none-elf/8.2.0/../../../../aarch64-none-elf/lib/pic/libg.a(lib_a-siscanf.o)
                0x000000000001ddf0                siscanf
 *fill*         0x000000000001deac        0x4 
 .text.sniprintf
                0x000000000001deb0      0x14c /opt/devkitpro/devkitA64/lib/gcc/aarch64-none-elf/8.2.0/../../../../aarch64-none-elf/lib/pic/libg.a(lib_a-sniprintf.o)
                0x000000000001deb0                sniprintf
 *fill*         0x000000000001dffc        0x4 
 .text.sprintf  0x000000000001e000       0xa8 /opt/devkitpro/devkitA64/lib/gcc/aarch64-none-elf/8.2.0/../../../../aarch64-none-elf/lib/pic/libg.a(lib_a-sprintf.o)
                0x000000000001e000                sprintf
 .text.stpncpy  0x000000000001e0a8       0xc8 /opt/devkitpro/devkitA64/lib/gcc/aarch64-none-elf/8.2.0/../../../../aarch64-none-elf/lib/pic/libg.a(lib_a-stpncpy.o)
                0x000000000001e0a8                stpncpy
 .text.sulp     0x000000000001e170       0x54 /opt/devkitpro/devkitA64/lib/gcc/aarch64-none-elf/8.2.0/../../../../aarch64-none-elf/lib/pic/libg.a(lib_a-strtod.o)
 *fill*         0x000000000001e1c4        0x4 
 .text._strtod_l
                0x000000000001e1c8     0x10f0 /opt/devkitpro/devkitA64/lib/gcc/aarch64-none-elf/8.2.0/../../../../aarch64-none-elf/lib/pic/libg.a(lib_a-strtod.o)
                0x000000000001e1c8                _strtod_l
 .text._strtod_r
                0x000000000001f2b8       0x40 /opt/devkitpro/devkitA64/lib/gcc/aarch64-none-elf/8.2.0/../../../../aarch64-none-elf/lib/pic/libg.a(lib_a-strtod.o)
                0x000000000001f2b8                _strtod_r
 .text._strtoll_l.isra.0
                0x000000000001f2f8      0x1d0 /opt/devkitpro/devkitA64/lib/gcc/aarch64-none-elf/8.2.0/../../../../aarch64-none-elf/lib/pic/libg.a(lib_a-strtoll.o)
 .text._strtoll_r
                0x000000000001f4c8       0x48 /opt/devkitpro/devkitA64/lib/gcc/aarch64-none-elf/8.2.0/../../../../aarch64-none-elf/lib/pic/libg.a(lib_a-strtoll.o)
                0x000000000001f4c8                _strtoll_r
 .text._strtoull_l.isra.0
                0x000000000001f510      0x1e0 /opt/devkitpro/devkitA64/lib/gcc/aarch64-none-elf/8.2.0/../../../../aarch64-none-elf/lib/pic/libg.a(lib_a-strtoull.o)
 .text._strtoull_r
                0x000000000001f6f0       0x48 /opt/devkitpro/devkitA64/lib/gcc/aarch64-none-elf/8.2.0/../../../../aarch64-none-elf/lib/pic/libg.a(lib_a-strtoull.o)
                0x000000000001f6f0                _strtoull_r
 .text.get_arg  0x000000000001f738      0x76c /opt/devkitpro/devkitA64/lib/gcc/aarch64-none-elf/8.2.0/../../../../aarch64-none-elf/lib/pic/libg.a(lib_a-svfiprintf.o)
 .text.__ssprint_r
                0x000000000001fea4      0x1c0 /opt/devkitpro/devkitA64/lib/gcc/aarch64-none-elf/8.2.0/../../../../aarch64-none-elf/lib/pic/libg.a(lib_a-svfiprintf.o)
                0x000000000001fea4                __ssprint_r
 .text._svfiprintf_r
                0x0000000000020064     0x2884 /opt/devkitpro/devkitA64/lib/gcc/aarch64-none-elf/8.2.0/../../../../aarch64-none-elf/lib/pic/libg.a(lib_a-svfiprintf.o)
                0x0000000000020064                _svfiprintf_r
 .text.get_arg  0x00000000000228e8       0x5c /opt/devkitpro/devkitA64/lib/gcc/aarch64-none-elf/8.2.0/../../../../aarch64-none-elf/lib/pic/libg.a(lib_a-svfiscanf.o)
 .text._sungetc_r
                0x0000000000022944       0xf4 /opt/devkitpro/devkitA64/lib/gcc/aarch64-none-elf/8.2.0/../../../../aarch64-none-elf/lib/pic/libg.a(lib_a-svfiscanf.o)
                0x0000000000022944                _sungetc_r
 .text.__ssrefill_r
                0x0000000000022a38       0x70 /opt/devkitpro/devkitA64/lib/gcc/aarch64-none-elf/8.2.0/../../../../aarch64-none-elf/lib/pic/libg.a(lib_a-svfiscanf.o)
                0x0000000000022a38                __ssrefill_r
 .text._sfread_r
                0x0000000000022aa8       0xe0 /opt/devkitpro/devkitA64/lib/gcc/aarch64-none-elf/8.2.0/../../../../aarch64-none-elf/lib/pic/libg.a(lib_a-svfiscanf.o)
                0x0000000000022aa8                _sfread_r
 .text.__ssvfiscanf_r
                0x0000000000022b88     0x2678 /opt/devkitpro/devkitA64/lib/gcc/aarch64-none-elf/8.2.0/../../../../aarch64-none-elf/lib/pic/libg.a(lib_a-svfiscanf.o)
                0x0000000000022b88                __ssvfiscanf_r
 .text.get_arg  0x0000000000025200      0x76c /opt/devkitpro/devkitA64/lib/gcc/aarch64-none-elf/8.2.0/../../../../aarch64-none-elf/lib/pic/libg.a(lib_a-svfprintf.o)
 .text._svfprintf_r
                0x000000000002596c     0x3b44 /opt/devkitpro/devkitA64/lib/gcc/aarch64-none-elf/8.2.0/../../../../aarch64-none-elf/lib/pic/libg.a(lib_a-svfprintf.o)
                0x000000000002596c                _svfprintf_r
 .text.__submore
                0x00000000000294b0       0xc8 /opt/devkitpro/devkitA64/lib/gcc/aarch64-none-elf/8.2.0/../../../../aarch64-none-elf/lib/pic/libg.a(lib_a-ungetc.o)
                0x00000000000294b0                __submore
 .text._wcsnrtombs_l
                0x0000000000029578      0x1dc /opt/devkitpro/devkitA64/lib/gcc/aarch64-none-elf/8.2.0/../../../../aarch64-none-elf/lib/pic/libg.a(lib_a-wcsnrtombs.o)
                0x0000000000029578                _wcsnrtombs_l
 *fill*         0x0000000000029754        0x4 
 .text._wcsnrtombs_r
                0x0000000000029758       0x54 /opt/devkitpro/devkitA64/lib/gcc/aarch64-none-elf/8.2.0/../../../../aarch64-none-elf/lib/pic/libg.a(lib_a-wcsnrtombs.o)
                0x0000000000029758                _wcsnrtombs_r
 *fill*         0x00000000000297ac        0x4 
 .text._calloc_r
                0x00000000000297b0       0x94 /opt/devkitpro/devkitA64/lib/gcc/aarch64-none-elf/8.2.0/../../../../aarch64-none-elf/lib/pic/libg.a(lib_a-callocr.o)
                0x00000000000297b0                _calloc_r
 *fill*         0x0000000000029844        0x4 
 .text.__env_lock
                0x0000000000029848        0xc /opt/devkitpro/devkitA64/lib/gcc/aarch64-none-elf/8.2.0/../../../../aarch64-none-elf/lib/pic/libg.a(lib_a-envlock.o)
                0x0000000000029848                __env_lock
 *fill*         0x0000000000029854        0x4 
 .text.__env_unlock
                0x0000000000029858        0xc /opt/devkitpro/devkitA64/lib/gcc/aarch64-none-elf/8.2.0/../../../../aarch64-none-elf/lib/pic/libg.a(lib_a-envlock.o)
                0x0000000000029858                __env_unlock
 *fill*         0x0000000000029864        0x4 
 .text._fclose_r
                0x0000000000029868      0x15c /opt/devkitpro/devkitA64/lib/gcc/aarch64-none-elf/8.2.0/../../../../aarch64-none-elf/lib/pic/libg.a(lib_a-fclose.o)
                0x0000000000029868                _fclose_r
 *fill*         0x00000000000299c4        0x4 
 .text.rshift   0x00000000000299c8      0x114 /opt/devkitpro/devkitA64/lib/gcc/aarch64-none-elf/8.2.0/../../../../aarch64-none-elf/lib/pic/libg.a(lib_a-gdtoa-gethex.o)
 *fill*         0x0000000000029adc        0x4 
 .text.__gethex
                0x0000000000029ae0      0x7e8 /opt/devkitpro/devkitA64/lib/gcc/aarch64-none-elf/8.2.0/../../../../aarch64-none-elf/lib/pic/libg.a(lib_a-gdtoa-gethex.o)
                0x0000000000029ae0                __gethex
 .text.__match  0x000000000002a2c8       0x48 /opt/devkitpro/devkitA64/lib/gcc/aarch64-none-elf/8.2.0/../../../../aarch64-none-elf/lib/pic/libg.a(lib_a-gdtoa-hexnan.o)
                0x000000000002a2c8                __match
 .text.__hexnan
                0x000000000002a310      0x22c /opt/devkitpro/devkitA64/lib/gcc/aarch64-none-elf/8.2.0/../../../../aarch64-none-elf/lib/pic/libg.a(lib_a-gdtoa-hexnan.o)
                0x000000000002a310                __hexnan
 *fill*         0x000000000002a53c        0x4 
 .text.null_write